<?xml version="1.0" encoding="UTF-8"?>
<TestRun id="7c92a970-2a15-450a-957a-47cd5f7daa0a" name="Paul@GLAVTOP 2012-08-15 18:20:28" runUser="GLAVTOP\Paul" xmlns="http://microsoft.com/schemas/VisualStudio/TeamTest/2010">
  <TestSettings name="Local" id="d23f8251-c841-4598-9abe-942041d14e8c">
    <Description>These are default test settings for a local test run.</Description>
    <Deployment runDeploymentRoot="Paul_GLAVTOP 2012-08-15 18_20_28">
      <DeploymentItem filename="D:\Data\Development\Dev Projects\PayMeBack\PayMeBack\MvcWebRole1\bin\Glav.PayMeBack.Web.dll" />
      <DeploymentItem filename="D:\Data\Development\Dev Projects\PayMeBack\PayMeBack\packages\Glav.CacheAdapter.2.5.1\lib\Glav.CacheAdapter.dll" />
      <DeploymentItem filename="D:\Data\Development\Dev Projects\PayMeBack\PayMeBack\packages\EnyimMemcached.2.11\lib\net35\Enyim.Caching.dll" />
      <DeploymentItem filename="D:\Data\Development\Dev Projects\PayMeBack\PayMeBack\packages\Glav.CacheAdapter.2.5.1\lib\Microsoft.Web.DistributedCache.dll" />
      <DeploymentItem filename="C:\Program Files (x86)\Microsoft ASP.NET\ASP.NET MVC 4\Assemblies\System.Web.Http.dll" />
      <DeploymentItem filename="D:\Data\Development\Dev Projects\PayMeBack\PayMeBack\packages\Moq.4.0.10827\lib\NET40\Moq.dll" />
      <DeploymentItem filename="D:\Data\Development\Dev Projects\PayMeBack\PayMeBack\packages\Glav.CacheAdapter.2.5.1\lib\Microsoft.ApplicationServer.Caching.Client.dll" />
      <DeploymentItem filename="D:\Data\Development\Dev Projects\PayMeBack\PayMeBack\packages\Glav.CacheAdapter.2.5.1\lib\Microsoft.ApplicationServer.Caching.Core.dll" />
      <DeploymentItem filename="D:\Data\Development\Dev Projects\PayMeBack\PayMeBack\Dependecies\Autofac-2.4.4.705-NET40\Autofac.dll" />
      <DeploymentItem filename="D:\Data\Development\Dev Projects\PayMeBack\PayMeBack\Glav.PayMeBack.Core\bin\Debug\Glav.PayMeBack.Core.dll" />
      <DeploymentItem filename="D:\Data\Development\Dev Projects\PayMeBack\PayMeBack\packages\Glav.CacheAdapter.2.5.1\lib\Microsoft.WindowsFabric.Data.Common.dll" />
      <DeploymentItem filename="D:\Data\Development\Dev Projects\PayMeBack\PayMeBack\packages\Glav.CacheAdapter.2.5.1\lib\Microsoft.WindowsFabric.Common.dll" />
    </Deployment>
    <Execution>
      <TestTypeSpecific>
        <UnitTestRunConfig testTypeId="13cdc9d9-ddb5-4fa4-a97d-d965ccfc6d4b">
          <AssemblyResolution>
            <TestDirectory useLoadContext="true" />
          </AssemblyResolution>
        </UnitTestRunConfig>
        <WebTestRunConfiguration testTypeId="4e7599fa-5ecb-43e9-a887-cd63cf72d207">
          <Browser name="Internet Explorer 7.0">
            <Headers>
              <Header name="User-Agent" value="Mozilla/4.0 (compatible; MSIE 7.0; Windows NT 5.1)" />
              <Header name="Accept" value="*/*" />
              <Header name="Accept-Language" value="{{$IEAcceptLanguage}}" />
              <Header name="Accept-Encoding" value="GZIP" />
            </Headers>
          </Browser>
        </WebTestRunConfiguration>
      </TestTypeSpecific>
      <AgentRule name="LocalMachineDefaultRole">
        <DataCollectors>
          <DataCollector uri="datacollector://microsoft/CodeCoverage/1.0" assemblyQualifiedName="Microsoft.VisualStudio.TestTools.CodeCoverage.CoveragePlugIn, Microsoft.VisualStudio.QualityTools.Plugins.CodeCoverage, Version=10.0.0.0, Culture=neutral, PublicKeyToken=b03f5f7f11d50a3a" friendlyName="Code Coverage">
          </DataCollector>
        </DataCollectors>
      </AgentRule>
    </Execution>
  </TestSettings>
  <Times creation="2012-08-15T18:20:28.4814060+10:00" queuing="2012-08-15T18:20:32.0919208+10:00" start="2012-08-15T18:20:32.2481780+10:00" finish="2012-08-15T18:20:40.6255896+10:00" />
  <ResultSummary outcome="Completed">
    <Counters total="31" executed="31" passed="31" error="0" failed="0" timeout="0" aborted="0" inconclusive="0" passedButRunAborted="0" notRunnable="0" notExecuted="0" disconnected="0" warning="0" completed="0" inProgress="0" pending="0" />
  </ResultSummary>
  <TestDefinitions>
    <UnitTest name="ShouldNotBeAbleToAddDebtToPaymentPlanWithoutAssociatedUser" storage="d:\data\development\dev projects\paymeback\paymeback\paymebackweb.unittests\bin\debug\paymebackweb.unittests.dll" id="39b102f2-13d0-2d0d-0ebe-1e7b894e3472">
      <Execution id="10155136-ddaa-40e4-a212-7df9e95a5d00" />
      <TestMethod codeBase="D:/Data/Development/Dev Projects/PayMeBack/PayMeBack/PayMeBackWeb.UnitTests/bin/Debug/PayMeBackWeb.UnitTests.DLL" adapterTypeName="Microsoft.VisualStudio.TestTools.TestTypes.Unit.UnitTestAdapter, Microsoft.VisualStudio.QualityTools.Tips.UnitTest.Adapter, Version=10.0.0.0, Culture=neutral, PublicKeyToken=b03f5f7f11d50a3a" className="PayMeBackWeb.UnitTests.Services.PaymentPlanServiceTests, PayMeBackWeb.UnitTests, Version=1.0.0.0, Culture=neutral, PublicKeyToken=null" name="ShouldNotBeAbleToAddDebtToPaymentPlanWithoutAssociatedUser" />
    </UnitTest>
    <UnitTest name="ShouldBeAbleToCalculateMultipleDebtsWithInstallmentsToProvideSummaryOfDebtsOwedToUser" storage="d:\data\development\dev projects\paymeback\paymeback\paymebackweb.unittests\bin\debug\paymebackweb.unittests.dll" id="0a3049a1-455e-9e65-0531-d005b874ad48">
      <Execution id="962156a7-dfd3-4799-b5f2-a97b3d1b1de8" />
      <TestMethod codeBase="D:/Data/Development/Dev Projects/PayMeBack/PayMeBack/PayMeBackWeb.UnitTests/bin/Debug/PayMeBackWeb.UnitTests.DLL" adapterTypeName="Microsoft.VisualStudio.TestTools.TestTypes.Unit.UnitTestAdapter, Microsoft.VisualStudio.QualityTools.Tips.UnitTest.Adapter, Version=10.0.0.0, Culture=neutral, PublicKeyToken=b03f5f7f11d50a3a" className="PayMeBackWeb.UnitTests.Services.PaymentPlanServiceTests, PayMeBackWeb.UnitTests, Version=1.0.0.0, Culture=neutral, PublicKeyToken=null" name="ShouldBeAbleToCalculateMultipleDebtsWithInstallmentsToProvideSummaryOfDebtsOwedToUser" />
    </UnitTest>
    <UnitTest name="ShouldNotBeAbleToSignInWhenUserNotValidated" storage="d:\data\development\dev projects\paymeback\paymeback\glav.paymeback.integrationtests\bin\debug\glav.paymeback.integrationtests.dll" id="17c7ec79-6552-46be-8f36-803c891feba8">
      <Execution id="1217b716-d983-4b55-b26d-2522ed5d41ae" />
      <TestMethod codeBase="D:/Data/Development/Dev Projects/PayMeBack/PayMeBack/Glav.PayMeBack.IntegrationTests/bin/Debug/Glav.PayMeBack.IntegrationTests.DLL" adapterTypeName="Microsoft.VisualStudio.TestTools.TestTypes.Unit.UnitTestAdapter, Microsoft.VisualStudio.QualityTools.Tips.UnitTest.Adapter, Version=10.0.0.0, Culture=neutral, PublicKeyToken=b03f5f7f11d50a3a" className="Glav.PayMeBack.IntegrationTests.ServiceTests.SignupServiceTests, Glav.PayMeBack.IntegrationTests, Version=1.0.0.0, Culture=neutral, PublicKeyToken=null" name="ShouldNotBeAbleToSignInWhenUserNotValidated" />
    </UnitTest>
    <UnitTest name="CanAddDebtOwedToMe" storage="d:\data\development\dev projects\paymeback\paymeback\glav.paymeback.integrationtests\bin\debug\glav.paymeback.integrationtests.dll" id="71cfd287-2959-021c-fc59-c0e9017df7ad">
      <Execution id="1ff77c1c-8922-41a7-bca1-6fb7681a5ea3" />
      <TestMethod codeBase="D:/Data/Development/Dev Projects/PayMeBack/PayMeBack/Glav.PayMeBack.IntegrationTests/bin/Debug/Glav.PayMeBack.IntegrationTests.DLL" adapterTypeName="Microsoft.VisualStudio.TestTools.TestTypes.Unit.UnitTestAdapter, Microsoft.VisualStudio.QualityTools.Tips.UnitTest.Adapter, Version=10.0.0.0, Culture=neutral, PublicKeyToken=b03f5f7f11d50a3a" className="Glav.PayMeBack.IntegrationTests.ServiceTests.PaymentPlanServiceTests, Glav.PayMeBack.IntegrationTests, Version=1.0.0.0, Culture=neutral, PublicKeyToken=null" name="CanAddDebtOwedToMe" />
    </UnitTest>
    <UnitTest name="AccessTokenShouldBeValid" storage="d:\data\development\dev projects\paymeback\paymeback\paymebackweb.unittests\bin\debug\paymebackweb.unittests.dll" id="9da2d3ee-225d-17a6-818d-fb07abffe233">
      <Execution id="aba15a04-e0be-4774-be0f-6549bdd6ea18" />
      <TestMethod codeBase="D:/Data/Development/Dev Projects/PayMeBack/PayMeBack/PayMeBackWeb.UnitTests/bin/Debug/PayMeBackWeb.UnitTests.DLL" adapterTypeName="Microsoft.VisualStudio.TestTools.TestTypes.Unit.UnitTestAdapter, Microsoft.VisualStudio.QualityTools.Tips.UnitTest.Adapter, Version=10.0.0.0, Culture=neutral, PublicKeyToken=b03f5f7f11d50a3a" className="PayMeBackWeb.UnitTests.Services.SecurityServiceTests, PayMeBackWeb.UnitTests, Version=1.0.0.0, Culture=neutral, PublicKeyToken=null" name="AccessTokenShouldBeValid" />
    </UnitTest>
    <UnitTest name="ShouldBeAbleToAddDebtToUserPaymentPlan" storage="d:\data\development\dev projects\paymeback\paymeback\glav.paymeback.integrationtests\bin\debug\glav.paymeback.integrationtests.dll" id="3dd59a0e-4e4a-df53-9231-37a61ee1389c">
      <Execution id="771a6511-309e-406a-af4a-1c37899bc991" />
      <TestMethod codeBase="D:/Data/Development/Dev Projects/PayMeBack/PayMeBack/Glav.PayMeBack.IntegrationTests/bin/Debug/Glav.PayMeBack.IntegrationTests.DLL" adapterTypeName="Microsoft.VisualStudio.TestTools.TestTypes.Unit.UnitTestAdapter, Microsoft.VisualStudio.QualityTools.Tips.UnitTest.Adapter, Version=10.0.0.0, Culture=neutral, PublicKeyToken=b03f5f7f11d50a3a" className="Glav.PayMeBack.IntegrationTests.ServiceTests.PaymentPlanServiceTests, Glav.PayMeBack.IntegrationTests, Version=1.0.0.0, Culture=neutral, PublicKeyToken=null" name="ShouldBeAbleToAddDebtToUserPaymentPlan" />
    </UnitTest>
    <UnitTest name="ShouldNotBeAbleToSaveNewUnvalidatedUserWithSameEmailAsExistingUser" storage="d:\data\development\dev projects\paymeback\paymeback\glav.paymeback.integrationtests\bin\debug\glav.paymeback.integrationtests.dll" id="e9188809-41f6-48b4-7b33-bb563fe9b401">
      <Execution id="6359e496-bcdd-44d3-a331-d1925df28b35" />
      <TestMethod codeBase="D:/Data/Development/Dev Projects/PayMeBack/PayMeBack/Glav.PayMeBack.IntegrationTests/bin/Debug/Glav.PayMeBack.IntegrationTests.DLL" adapterTypeName="Microsoft.VisualStudio.TestTools.TestTypes.Unit.UnitTestAdapter, Microsoft.VisualStudio.QualityTools.Tips.UnitTest.Adapter, Version=10.0.0.0, Culture=neutral, PublicKeyToken=b03f5f7f11d50a3a" className="Glav.PayMeBack.IntegrationTests.EngineTests.UserEngineTests, Glav.PayMeBack.IntegrationTests, Version=1.0.0.0, Culture=neutral, PublicKeyToken=null" name="ShouldNotBeAbleToSaveNewUnvalidatedUserWithSameEmailAsExistingUser" />
    </UnitTest>
    <UnitTest name="ShouldBeAbleToCreateANewPaymentPlanForAUserIfNoPlanExists" storage="d:\data\development\dev projects\paymeback\paymeback\paymebackweb.unittests\bin\debug\paymebackweb.unittests.dll" id="3f72b62f-b811-24dd-31cf-923106cb42e9">
      <Execution id="64c352b3-78d5-4be6-b244-912e9beafc14" />
      <TestMethod codeBase="D:/Data/Development/Dev Projects/PayMeBack/PayMeBack/PayMeBackWeb.UnitTests/bin/Debug/PayMeBackWeb.UnitTests.DLL" adapterTypeName="Microsoft.VisualStudio.TestTools.TestTypes.Unit.UnitTestAdapter, Microsoft.VisualStudio.QualityTools.Tips.UnitTest.Adapter, Version=10.0.0.0, Culture=neutral, PublicKeyToken=b03f5f7f11d50a3a" className="PayMeBackWeb.UnitTests.Services.PaymentPlanServiceTests, PayMeBackWeb.UnitTests, Version=1.0.0.0, Culture=neutral, PublicKeyToken=null" name="ShouldBeAbleToCreateANewPaymentPlanForAUserIfNoPlanExists" />
    </UnitTest>
    <UnitTest name="ShouldReturnOnlyUsersMatchingSearchByCriteriaUsingPaging" storage="d:\data\development\dev projects\paymeback\paymeback\glav.paymeback.integrationtests\bin\debug\glav.paymeback.integrationtests.dll" id="8710e914-fbad-7734-a8f3-b91a572260e9">
      <Execution id="169fe5e7-12a7-4f3f-b037-2daa93968e3e" />
      <TestMethod codeBase="D:/Data/Development/Dev Projects/PayMeBack/PayMeBack/Glav.PayMeBack.IntegrationTests/bin/Debug/Glav.PayMeBack.IntegrationTests.DLL" adapterTypeName="Microsoft.VisualStudio.TestTools.TestTypes.Unit.UnitTestAdapter, Microsoft.VisualStudio.QualityTools.Tips.UnitTest.Adapter, Version=10.0.0.0, Culture=neutral, PublicKeyToken=b03f5f7f11d50a3a" className="Glav.PayMeBack.IntegrationTests.EngineTests.UserEngineTests, Glav.PayMeBack.IntegrationTests, Version=1.0.0.0, Culture=neutral, PublicKeyToken=null" name="ShouldReturnOnlyUsersMatchingSearchByCriteriaUsingPaging" />
    </UnitTest>
    <UnitTest name="ShouldBeAbleToAddPaymentInstallmentToDebt" storage="d:\data\development\dev projects\paymeback\paymeback\glav.paymeback.integrationtests\bin\debug\glav.paymeback.integrationtests.dll" id="5fd23d7e-4595-35fc-0d45-04ddfd00357d">
      <Execution id="f10873d4-b003-4a3e-83f9-c813a6b41e45" />
      <TestMethod codeBase="D:/Data/Development/Dev Projects/PayMeBack/PayMeBack/Glav.PayMeBack.IntegrationTests/bin/Debug/Glav.PayMeBack.IntegrationTests.DLL" adapterTypeName="Microsoft.VisualStudio.TestTools.TestTypes.Unit.UnitTestAdapter, Microsoft.VisualStudio.QualityTools.Tips.UnitTest.Adapter, Version=10.0.0.0, Culture=neutral, PublicKeyToken=b03f5f7f11d50a3a" className="Glav.PayMeBack.IntegrationTests.ServiceTests.PaymentPlanServiceTests, Glav.PayMeBack.IntegrationTests, Version=1.0.0.0, Culture=neutral, PublicKeyToken=null" name="ShouldBeAbleToAddPaymentInstallmentToDebt" />
    </UnitTest>
    <UnitTest name="ShouldBeAbleToAddDebtToPaymentPlan" storage="d:\data\development\dev projects\paymeback\paymeback\paymebackweb.unittests\bin\debug\paymebackweb.unittests.dll" id="2654cd84-c1a4-4e8e-9ed7-505ad2d21eb4">
      <Execution id="01acc130-9478-48d7-ad32-9ae798f235d7" />
      <TestMethod codeBase="D:/Data/Development/Dev Projects/PayMeBack/PayMeBack/PayMeBackWeb.UnitTests/bin/Debug/PayMeBackWeb.UnitTests.DLL" adapterTypeName="Microsoft.VisualStudio.TestTools.TestTypes.Unit.UnitTestAdapter, Microsoft.VisualStudio.QualityTools.Tips.UnitTest.Adapter, Version=10.0.0.0, Culture=neutral, PublicKeyToken=b03f5f7f11d50a3a" className="PayMeBackWeb.UnitTests.Services.PaymentPlanServiceTests, PayMeBackWeb.UnitTests, Version=1.0.0.0, Culture=neutral, PublicKeyToken=null" name="ShouldBeAbleToAddDebtToPaymentPlan" />
    </UnitTest>
    <UnitTest name="EnsureValidUserCanDeleteDebtBelongingToThem" storage="d:\data\development\dev projects\paymeback\paymeback\glav.paymeback.integrationtests\bin\debug\glav.paymeback.integrationtests.dll" id="92773650-8826-3e75-eae2-0e28a1cca5ae">
      <Execution id="3326a460-a529-43e2-b2e8-b85119d1d568" />
      <TestMethod codeBase="D:/Data/Development/Dev Projects/PayMeBack/PayMeBack/Glav.PayMeBack.IntegrationTests/bin/Debug/Glav.PayMeBack.IntegrationTests.DLL" adapterTypeName="Microsoft.VisualStudio.TestTools.TestTypes.Unit.UnitTestAdapter, Microsoft.VisualStudio.QualityTools.Tips.UnitTest.Adapter, Version=10.0.0.0, Culture=neutral, PublicKeyToken=b03f5f7f11d50a3a" className="Glav.PayMeBack.IntegrationTests.ServiceTests.PaymentPlanServiceTests, Glav.PayMeBack.IntegrationTests, Version=1.0.0.0, Culture=neutral, PublicKeyToken=null" name="EnsureValidUserCanDeleteDebtBelongingToThem" />
    </UnitTest>
    <UnitTest name="AccessTokenShouldNotBeValidAsDoesNotExist" storage="d:\data\development\dev projects\paymeback\paymeback\paymebackweb.unittests\bin\debug\paymebackweb.unittests.dll" id="facac10b-c6db-852d-7796-a1cb6f3b095d">
      <Execution id="cdd99426-bbd0-4c18-bf7e-1936ccd8e76c" />
      <TestMethod codeBase="D:/Data/Development/Dev Projects/PayMeBack/PayMeBack/PayMeBackWeb.UnitTests/bin/Debug/PayMeBackWeb.UnitTests.DLL" adapterTypeName="Microsoft.VisualStudio.TestTools.TestTypes.Unit.UnitTestAdapter, Microsoft.VisualStudio.QualityTools.Tips.UnitTest.Adapter, Version=10.0.0.0, Culture=neutral, PublicKeyToken=b03f5f7f11d50a3a" className="PayMeBackWeb.UnitTests.Services.SecurityServiceTests, PayMeBackWeb.UnitTests, Version=1.0.0.0, Culture=neutral, PublicKeyToken=null" name="AccessTokenShouldNotBeValidAsDoesNotExist" />
    </UnitTest>
    <UnitTest name="ShouldBeAbleToCalculateMultipleDebtsOwedByMeAndToMeWithInstallmentsToProvideSummaryOfDebtsOwedToUser" storage="d:\data\development\dev projects\paymeback\paymeback\paymebackweb.unittests\bin\debug\paymebackweb.unittests.dll" id="e1238086-43d6-33ee-b92d-754e0de77263">
      <Execution id="bb984507-975d-429c-a879-2930a80219cb" />
      <TestMethod codeBase="D:/Data/Development/Dev Projects/PayMeBack/PayMeBack/PayMeBackWeb.UnitTests/bin/Debug/PayMeBackWeb.UnitTests.DLL" adapterTypeName="Microsoft.VisualStudio.TestTools.TestTypes.Unit.UnitTestAdapter, Microsoft.VisualStudio.QualityTools.Tips.UnitTest.Adapter, Version=10.0.0.0, Culture=neutral, PublicKeyToken=b03f5f7f11d50a3a" className="PayMeBackWeb.UnitTests.Services.PaymentPlanServiceTests, PayMeBackWeb.UnitTests, Version=1.0.0.0, Culture=neutral, PublicKeyToken=null" name="ShouldBeAbleToCalculateMultipleDebtsOwedByMeAndToMeWithInstallmentsToProvideSummaryOfDebtsOwedToUser" />
    </UnitTest>
    <UnitTest name="ShouldBeAbleToAddMultipleDebtsToUserPaymentPlan" storage="d:\data\development\dev projects\paymeback\paymeback\glav.paymeback.integrationtests\bin\debug\glav.paymeback.integrationtests.dll" id="e7df2b0d-2d99-7c60-2105-111c1a6281d9">
      <Execution id="38a8bbd0-b63b-4331-b591-03bd42615b31" />
      <TestMethod codeBase="D:/Data/Development/Dev Projects/PayMeBack/PayMeBack/Glav.PayMeBack.IntegrationTests/bin/Debug/Glav.PayMeBack.IntegrationTests.DLL" adapterTypeName="Microsoft.VisualStudio.TestTools.TestTypes.Unit.UnitTestAdapter, Microsoft.VisualStudio.QualityTools.Tips.UnitTest.Adapter, Version=10.0.0.0, Culture=neutral, PublicKeyToken=b03f5f7f11d50a3a" className="Glav.PayMeBack.IntegrationTests.ServiceTests.PaymentPlanServiceTests, Glav.PayMeBack.IntegrationTests, Version=1.0.0.0, Culture=neutral, PublicKeyToken=null" name="ShouldBeAbleToAddMultipleDebtsToUserPaymentPlan" />
    </UnitTest>
    <UnitTest name="CanNotChangeDebtsOwedToOthers" storage="d:\data\development\dev projects\paymeback\paymeback\glav.paymeback.integrationtests\bin\debug\glav.paymeback.integrationtests.dll" id="edf32688-f572-5eae-c381-554d0bf15674">
      <Execution id="749ad51a-9c9e-4ba8-8c00-73129ded910a" />
      <TestMethod codeBase="D:/Data/Development/Dev Projects/PayMeBack/PayMeBack/Glav.PayMeBack.IntegrationTests/bin/Debug/Glav.PayMeBack.IntegrationTests.DLL" adapterTypeName="Microsoft.VisualStudio.TestTools.TestTypes.Unit.UnitTestAdapter, Microsoft.VisualStudio.QualityTools.Tips.UnitTest.Adapter, Version=10.0.0.0, Culture=neutral, PublicKeyToken=b03f5f7f11d50a3a" className="Glav.PayMeBack.IntegrationTests.ServiceTests.PaymentPlanServiceTests, Glav.PayMeBack.IntegrationTests, Version=1.0.0.0, Culture=neutral, PublicKeyToken=null" name="CanNotChangeDebtsOwedToOthers" />
    </UnitTest>
    <UnitTest name="ShouldBeAbleToSaveUnvalidatedUserWithOnlyEmailAddress" storage="d:\data\development\dev projects\paymeback\paymeback\glav.paymeback.integrationtests\bin\debug\glav.paymeback.integrationtests.dll" id="b808ccdc-95ed-da36-2492-84e3a0485a5e">
      <Execution id="0aef7741-eb84-4d83-a34e-71d540bd413b" />
      <TestMethod codeBase="D:/Data/Development/Dev Projects/PayMeBack/PayMeBack/Glav.PayMeBack.IntegrationTests/bin/Debug/Glav.PayMeBack.IntegrationTests.DLL" adapterTypeName="Microsoft.VisualStudio.TestTools.TestTypes.Unit.UnitTestAdapter, Microsoft.VisualStudio.QualityTools.Tips.UnitTest.Adapter, Version=10.0.0.0, Culture=neutral, PublicKeyToken=b03f5f7f11d50a3a" className="Glav.PayMeBack.IntegrationTests.EngineTests.UserEngineTests, Glav.PayMeBack.IntegrationTests, Version=1.0.0.0, Culture=neutral, PublicKeyToken=null" name="ShouldBeAbleToSaveUnvalidatedUserWithOnlyEmailAddress" />
    </UnitTest>
    <UnitTest name="EnsureValidUserCannotDeleteDebtNotBelongingToThem" storage="d:\data\development\dev projects\paymeback\paymeback\glav.paymeback.integrationtests\bin\debug\glav.paymeback.integrationtests.dll" id="50da6079-fcc9-3c27-2ff7-23ec27920291">
      <Execution id="202f729f-85e3-408c-9649-143dd83e437c" />
      <TestMethod codeBase="D:/Data/Development/Dev Projects/PayMeBack/PayMeBack/Glav.PayMeBack.IntegrationTests/bin/Debug/Glav.PayMeBack.IntegrationTests.DLL" adapterTypeName="Microsoft.VisualStudio.TestTools.TestTypes.Unit.UnitTestAdapter, Microsoft.VisualStudio.QualityTools.Tips.UnitTest.Adapter, Version=10.0.0.0, Culture=neutral, PublicKeyToken=b03f5f7f11d50a3a" className="Glav.PayMeBack.IntegrationTests.ServiceTests.PaymentPlanServiceTests, Glav.PayMeBack.IntegrationTests, Version=1.0.0.0, Culture=neutral, PublicKeyToken=null" name="EnsureValidUserCannotDeleteDebtNotBelongingToThem" />
    </UnitTest>
    <UnitTest name="ShouldBeAbleToAddPaymentInstallmentToDebtInPaymentPlan" storage="d:\data\development\dev projects\paymeback\paymeback\paymebackweb.unittests\bin\debug\paymebackweb.unittests.dll" id="856ddc71-2801-b69c-a47a-c5f3ae6a2cb1">
      <Execution id="0758f2a9-ed7c-478d-8922-99f975010be3" />
      <TestMethod codeBase="D:/Data/Development/Dev Projects/PayMeBack/PayMeBack/PayMeBackWeb.UnitTests/bin/Debug/PayMeBackWeb.UnitTests.DLL" adapterTypeName="Microsoft.VisualStudio.TestTools.TestTypes.Unit.UnitTestAdapter, Microsoft.VisualStudio.QualityTools.Tips.UnitTest.Adapter, Version=10.0.0.0, Culture=neutral, PublicKeyToken=b03f5f7f11d50a3a" className="PayMeBackWeb.UnitTests.Services.PaymentPlanServiceTests, PayMeBackWeb.UnitTests, Version=1.0.0.0, Culture=neutral, PublicKeyToken=null" name="ShouldBeAbleToAddPaymentInstallmentToDebtInPaymentPlan" />
    </UnitTest>
    <UnitTest name="ShouldBeAbleToSignInAndGetUserPaymentPlan" storage="d:\data\development\dev projects\paymeback\paymeback\glav.paymeback.integrationtests\bin\debug\glav.paymeback.integrationtests.dll" id="44aa9cc8-6033-5338-2c45-cc41905f5ded">
      <Execution id="47b7078a-66f4-4084-87d0-ea9e6e683cef" />
      <TestMethod codeBase="D:/Data/Development/Dev Projects/PayMeBack/PayMeBack/Glav.PayMeBack.IntegrationTests/bin/Debug/Glav.PayMeBack.IntegrationTests.DLL" adapterTypeName="Microsoft.VisualStudio.TestTools.TestTypes.Unit.UnitTestAdapter, Microsoft.VisualStudio.QualityTools.Tips.UnitTest.Adapter, Version=10.0.0.0, Culture=neutral, PublicKeyToken=b03f5f7f11d50a3a" className="Glav.PayMeBack.IntegrationTests.ServiceTests.PaymentPlanServiceTests, Glav.PayMeBack.IntegrationTests, Version=1.0.0.0, Culture=neutral, PublicKeyToken=null" name="ShouldBeAbleToSignInAndGetUserPaymentPlan" />
    </UnitTest>
    <UnitTest name="ShouldNotBeAbleToSignInWithEmptyPasswordEvenIfValidated" storage="d:\data\development\dev projects\paymeback\paymeback\glav.paymeback.integrationtests\bin\debug\glav.paymeback.integrationtests.dll" id="84a45382-ae95-43a9-6b01-8fd21d3e8048">
      <Execution id="9b026fea-572a-495f-b37c-308eb92ce214" />
      <TestMethod codeBase="D:/Data/Development/Dev Projects/PayMeBack/PayMeBack/Glav.PayMeBack.IntegrationTests/bin/Debug/Glav.PayMeBack.IntegrationTests.DLL" adapterTypeName="Microsoft.VisualStudio.TestTools.TestTypes.Unit.UnitTestAdapter, Microsoft.VisualStudio.QualityTools.Tips.UnitTest.Adapter, Version=10.0.0.0, Culture=neutral, PublicKeyToken=b03f5f7f11d50a3a" className="Glav.PayMeBack.IntegrationTests.ServiceTests.SignupServiceTests, Glav.PayMeBack.IntegrationTests, Version=1.0.0.0, Culture=neutral, PublicKeyToken=null" name="ShouldNotBeAbleToSignInWithEmptyPasswordEvenIfValidated" />
    </UnitTest>
    <UnitTest name="ShouldBeAbleToProvideSummaryForNewUserWithNoDebts" storage="d:\data\development\dev projects\paymeback\paymeback\paymebackweb.unittests\bin\debug\paymebackweb.unittests.dll" id="1fc338f5-f1e2-4c1c-8674-eed4b195f616">
      <Execution id="8d7ebf3b-bd74-4c63-83f6-ca11cb8eaa92" />
      <TestMethod codeBase="D:/Data/Development/Dev Projects/PayMeBack/PayMeBack/PayMeBackWeb.UnitTests/bin/Debug/PayMeBackWeb.UnitTests.DLL" adapterTypeName="Microsoft.VisualStudio.TestTools.TestTypes.Unit.UnitTestAdapter, Microsoft.VisualStudio.QualityTools.Tips.UnitTest.Adapter, Version=10.0.0.0, Culture=neutral, PublicKeyToken=b03f5f7f11d50a3a" className="PayMeBackWeb.UnitTests.Services.PaymentPlanServiceTests, PayMeBackWeb.UnitTests, Version=1.0.0.0, Culture=neutral, PublicKeyToken=null" name="ShouldBeAbleToProvideSummaryForNewUserWithNoDebts" />
    </UnitTest>
    <UnitTest name="SHouldBeAbleToSignUpAndSignIn" storage="d:\data\development\dev projects\paymeback\paymeback\glav.paymeback.integrationtests\bin\debug\glav.paymeback.integrationtests.dll" id="bd75bfee-d75a-afac-7b4e-f8eeab7139e2">
      <Execution id="95407d74-1c20-4889-950e-95eb2f74daf8" />
      <TestMethod codeBase="D:/Data/Development/Dev Projects/PayMeBack/PayMeBack/Glav.PayMeBack.IntegrationTests/bin/Debug/Glav.PayMeBack.IntegrationTests.DLL" adapterTypeName="Microsoft.VisualStudio.TestTools.TestTypes.Unit.UnitTestAdapter, Microsoft.VisualStudio.QualityTools.Tips.UnitTest.Adapter, Version=10.0.0.0, Culture=neutral, PublicKeyToken=b03f5f7f11d50a3a" className="Glav.PayMeBack.IntegrationTests.ServiceTests.SignupServiceTests, Glav.PayMeBack.IntegrationTests, Version=1.0.0.0, Culture=neutral, PublicKeyToken=null" name="SHouldBeAbleToSignUpAndSignIn" />
    </UnitTest>
    <UnitTest name="ShouldReturnAllUsers" storage="d:\data\development\dev projects\paymeback\paymeback\glav.paymeback.integrationtests\bin\debug\glav.paymeback.integrationtests.dll" id="2aa22940-96fb-27df-7452-07b4b151f94a">
      <Execution id="fd94f02b-af98-4f46-be92-821eb4124770" />
      <TestMethod codeBase="D:/Data/Development/Dev Projects/PayMeBack/PayMeBack/Glav.PayMeBack.IntegrationTests/bin/Debug/Glav.PayMeBack.IntegrationTests.DLL" adapterTypeName="Microsoft.VisualStudio.TestTools.TestTypes.Unit.UnitTestAdapter, Microsoft.VisualStudio.QualityTools.Tips.UnitTest.Adapter, Version=10.0.0.0, Culture=neutral, PublicKeyToken=b03f5f7f11d50a3a" className="Glav.PayMeBack.IntegrationTests.EngineTests.UserEngineTests, Glav.PayMeBack.IntegrationTests, Version=1.0.0.0, Culture=neutral, PublicKeyToken=null" name="ShouldReturnAllUsers" />
    </UnitTest>
    <UnitTest name="CanProvideSummaryOfDebtOwedToMe" storage="d:\data\development\dev projects\paymeback\paymeback\glav.paymeback.integrationtests\bin\debug\glav.paymeback.integrationtests.dll" id="dcdb223f-53ea-6ec4-c18b-1149cc9d0f08">
      <Execution id="63f7e572-a35d-42ce-8f99-bd0bc1126503" />
      <TestMethod codeBase="D:/Data/Development/Dev Projects/PayMeBack/PayMeBack/Glav.PayMeBack.IntegrationTests/bin/Debug/Glav.PayMeBack.IntegrationTests.DLL" adapterTypeName="Microsoft.VisualStudio.TestTools.TestTypes.Unit.UnitTestAdapter, Microsoft.VisualStudio.QualityTools.Tips.UnitTest.Adapter, Version=10.0.0.0, Culture=neutral, PublicKeyToken=b03f5f7f11d50a3a" className="Glav.PayMeBack.IntegrationTests.ServiceTests.PaymentPlanServiceTests, Glav.PayMeBack.IntegrationTests, Version=1.0.0.0, Culture=neutral, PublicKeyToken=null" name="CanProvideSummaryOfDebtOwedToMe" />
    </UnitTest>
    <UnitTest name="ShouldReturnOnlyUsersMatchingSearchByCriteria" storage="d:\data\development\dev projects\paymeback\paymeback\glav.paymeback.integrationtests\bin\debug\glav.paymeback.integrationtests.dll" id="e66999b4-76df-6f8e-320f-b513663fb5dd">
      <Execution id="a6216ae0-4279-46a5-beb6-1e584a87c2bf" />
      <TestMethod codeBase="D:/Data/Development/Dev Projects/PayMeBack/PayMeBack/Glav.PayMeBack.IntegrationTests/bin/Debug/Glav.PayMeBack.IntegrationTests.DLL" adapterTypeName="Microsoft.VisualStudio.TestTools.TestTypes.Unit.UnitTestAdapter, Microsoft.VisualStudio.QualityTools.Tips.UnitTest.Adapter, Version=10.0.0.0, Culture=neutral, PublicKeyToken=b03f5f7f11d50a3a" className="Glav.PayMeBack.IntegrationTests.EngineTests.UserEngineTests, Glav.PayMeBack.IntegrationTests, Version=1.0.0.0, Culture=neutral, PublicKeyToken=null" name="ShouldReturnOnlyUsersMatchingSearchByCriteria" />
    </UnitTest>
    <UnitTest name="ShouldNotBeAbleToAddPaymentInstallmentToDebtIfNoMoreDebtOwed" storage="d:\data\development\dev projects\paymeback\paymeback\glav.paymeback.integrationtests\bin\debug\glav.paymeback.integrationtests.dll" id="e5a29dab-58d6-3bfa-be38-a0ba556c81c6">
      <Execution id="bab905bd-647a-4a23-907a-bc242aeb46cc" />
      <TestMethod codeBase="D:/Data/Development/Dev Projects/PayMeBack/PayMeBack/Glav.PayMeBack.IntegrationTests/bin/Debug/Glav.PayMeBack.IntegrationTests.DLL" adapterTypeName="Microsoft.VisualStudio.TestTools.TestTypes.Unit.UnitTestAdapter, Microsoft.VisualStudio.QualityTools.Tips.UnitTest.Adapter, Version=10.0.0.0, Culture=neutral, PublicKeyToken=b03f5f7f11d50a3a" className="Glav.PayMeBack.IntegrationTests.ServiceTests.PaymentPlanServiceTests, Glav.PayMeBack.IntegrationTests, Version=1.0.0.0, Culture=neutral, PublicKeyToken=null" name="ShouldNotBeAbleToAddPaymentInstallmentToDebtIfNoMoreDebtOwed" />
    </UnitTest>
    <UnitTest name="CanRetrieveDebtsIOweToOthers" storage="d:\data\development\dev projects\paymeback\paymeback\glav.paymeback.integrationtests\bin\debug\glav.paymeback.integrationtests.dll" id="d348c1a1-5988-e632-ea7b-b77dc3143110">
      <Execution id="6ba569f0-d702-43b4-9f93-da5fd4d44768" />
      <TestMethod codeBase="D:/Data/Development/Dev Projects/PayMeBack/PayMeBack/Glav.PayMeBack.IntegrationTests/bin/Debug/Glav.PayMeBack.IntegrationTests.DLL" adapterTypeName="Microsoft.VisualStudio.TestTools.TestTypes.Unit.UnitTestAdapter, Microsoft.VisualStudio.QualityTools.Tips.UnitTest.Adapter, Version=10.0.0.0, Culture=neutral, PublicKeyToken=b03f5f7f11d50a3a" className="Glav.PayMeBack.IntegrationTests.ServiceTests.PaymentPlanServiceTests, Glav.PayMeBack.IntegrationTests, Version=1.0.0.0, Culture=neutral, PublicKeyToken=null" name="CanRetrieveDebtsIOweToOthers" />
    </UnitTest>
    <UnitTest name="AccessTokenShouldNotBeValidAsExpired" storage="d:\data\development\dev projects\paymeback\paymeback\paymebackweb.unittests\bin\debug\paymebackweb.unittests.dll" id="b9d24507-1479-9f22-a79f-14fcd1b74e76">
      <Execution id="efc7b448-6f8e-4c1e-a66a-a108e0c0223b" />
      <TestMethod codeBase="D:/Data/Development/Dev Projects/PayMeBack/PayMeBack/PayMeBackWeb.UnitTests/bin/Debug/PayMeBackWeb.UnitTests.DLL" adapterTypeName="Microsoft.VisualStudio.TestTools.TestTypes.Unit.UnitTestAdapter, Microsoft.VisualStudio.QualityTools.Tips.UnitTest.Adapter, Version=10.0.0.0, Culture=neutral, PublicKeyToken=b03f5f7f11d50a3a" className="PayMeBackWeb.UnitTests.Services.SecurityServiceTests, PayMeBackWeb.UnitTests, Version=1.0.0.0, Culture=neutral, PublicKeyToken=null" name="AccessTokenShouldNotBeValidAsExpired" />
    </UnitTest>
    <UnitTest name="CannotSaveUserWithoutEmail" storage="d:\data\development\dev projects\paymeback\paymeback\glav.paymeback.integrationtests\bin\debug\glav.paymeback.integrationtests.dll" id="85e231ee-64a4-7645-8905-c8a7a23597ed">
      <Execution id="0f4a4892-01fc-4359-bf52-889749062044" />
      <TestMethod codeBase="D:/Data/Development/Dev Projects/PayMeBack/PayMeBack/Glav.PayMeBack.IntegrationTests/bin/Debug/Glav.PayMeBack.IntegrationTests.DLL" adapterTypeName="Microsoft.VisualStudio.TestTools.TestTypes.Unit.UnitTestAdapter, Microsoft.VisualStudio.QualityTools.Tips.UnitTest.Adapter, Version=10.0.0.0, Culture=neutral, PublicKeyToken=b03f5f7f11d50a3a" className="Glav.PayMeBack.IntegrationTests.EngineTests.UserEngineTests, Glav.PayMeBack.IntegrationTests, Version=1.0.0.0, Culture=neutral, PublicKeyToken=null" name="CannotSaveUserWithoutEmail" />
    </UnitTest>
    <UnitTest name="ShouldBeAbleToCalculateDebtSummaryOfDebtsOwedToUser" storage="d:\data\development\dev projects\paymeback\paymeback\paymebackweb.unittests\bin\debug\paymebackweb.unittests.dll" id="3e99aac8-e81e-567f-9478-7cb24496672e">
      <Execution id="74c1a9e6-d335-429c-bbba-c0357f206815" />
      <TestMethod codeBase="D:/Data/Development/Dev Projects/PayMeBack/PayMeBack/PayMeBackWeb.UnitTests/bin/Debug/PayMeBackWeb.UnitTests.DLL" adapterTypeName="Microsoft.VisualStudio.TestTools.TestTypes.Unit.UnitTestAdapter, Microsoft.VisualStudio.QualityTools.Tips.UnitTest.Adapter, Version=10.0.0.0, Culture=neutral, PublicKeyToken=b03f5f7f11d50a3a" className="PayMeBackWeb.UnitTests.Services.PaymentPlanServiceTests, PayMeBackWeb.UnitTests, Version=1.0.0.0, Culture=neutral, PublicKeyToken=null" name="ShouldBeAbleToCalculateDebtSummaryOfDebtsOwedToUser" />
    </UnitTest>
  </TestDefinitions>
  <TestLists>
    <TestList name="Results Not in a List" id="8c84fa94-04c1-424b-9868-57a2d4851a1d" />
    <TestList name="All Loaded Results" id="19431567-8539-422a-85d7-44ee4e166bda" />
  </TestLists>
  <TestEntries>
    <TestEntry testId="44aa9cc8-6033-5338-2c45-cc41905f5ded" executionId="47b7078a-66f4-4084-87d0-ea9e6e683cef" testListId="8c84fa94-04c1-424b-9868-57a2d4851a1d" />
    <TestEntry testId="3dd59a0e-4e4a-df53-9231-37a61ee1389c" executionId="771a6511-309e-406a-af4a-1c37899bc991" testListId="8c84fa94-04c1-424b-9868-57a2d4851a1d" />
    <TestEntry testId="e7df2b0d-2d99-7c60-2105-111c1a6281d9" executionId="38a8bbd0-b63b-4331-b591-03bd42615b31" testListId="8c84fa94-04c1-424b-9868-57a2d4851a1d" />
    <TestEntry testId="5fd23d7e-4595-35fc-0d45-04ddfd00357d" executionId="f10873d4-b003-4a3e-83f9-c813a6b41e45" testListId="8c84fa94-04c1-424b-9868-57a2d4851a1d" />
    <TestEntry testId="e5a29dab-58d6-3bfa-be38-a0ba556c81c6" executionId="bab905bd-647a-4a23-907a-bc242aeb46cc" testListId="8c84fa94-04c1-424b-9868-57a2d4851a1d" />
    <TestEntry testId="71cfd287-2959-021c-fc59-c0e9017df7ad" executionId="1ff77c1c-8922-41a7-bca1-6fb7681a5ea3" testListId="8c84fa94-04c1-424b-9868-57a2d4851a1d" />
    <TestEntry testId="dcdb223f-53ea-6ec4-c18b-1149cc9d0f08" executionId="63f7e572-a35d-42ce-8f99-bd0bc1126503" testListId="8c84fa94-04c1-424b-9868-57a2d4851a1d" />
    <TestEntry testId="edf32688-f572-5eae-c381-554d0bf15674" executionId="749ad51a-9c9e-4ba8-8c00-73129ded910a" testListId="8c84fa94-04c1-424b-9868-57a2d4851a1d" />
    <TestEntry testId="d348c1a1-5988-e632-ea7b-b77dc3143110" executionId="6ba569f0-d702-43b4-9f93-da5fd4d44768" testListId="8c84fa94-04c1-424b-9868-57a2d4851a1d" />
    <TestEntry testId="50da6079-fcc9-3c27-2ff7-23ec27920291" executionId="202f729f-85e3-408c-9649-143dd83e437c" testListId="8c84fa94-04c1-424b-9868-57a2d4851a1d" />
    <TestEntry testId="92773650-8826-3e75-eae2-0e28a1cca5ae" executionId="3326a460-a529-43e2-b2e8-b85119d1d568" testListId="8c84fa94-04c1-424b-9868-57a2d4851a1d" />
    <TestEntry testId="bd75bfee-d75a-afac-7b4e-f8eeab7139e2" executionId="95407d74-1c20-4889-950e-95eb2f74daf8" testListId="8c84fa94-04c1-424b-9868-57a2d4851a1d" />
    <TestEntry testId="17c7ec79-6552-46be-8f36-803c891feba8" executionId="1217b716-d983-4b55-b26d-2522ed5d41ae" testListId="8c84fa94-04c1-424b-9868-57a2d4851a1d" />
    <TestEntry testId="84a45382-ae95-43a9-6b01-8fd21d3e8048" executionId="9b026fea-572a-495f-b37c-308eb92ce214" testListId="8c84fa94-04c1-424b-9868-57a2d4851a1d" />
    <TestEntry testId="85e231ee-64a4-7645-8905-c8a7a23597ed" executionId="0f4a4892-01fc-4359-bf52-889749062044" testListId="8c84fa94-04c1-424b-9868-57a2d4851a1d" />
    <TestEntry testId="b808ccdc-95ed-da36-2492-84e3a0485a5e" executionId="0aef7741-eb84-4d83-a34e-71d540bd413b" testListId="8c84fa94-04c1-424b-9868-57a2d4851a1d" />
    <TestEntry testId="e9188809-41f6-48b4-7b33-bb563fe9b401" executionId="6359e496-bcdd-44d3-a331-d1925df28b35" testListId="8c84fa94-04c1-424b-9868-57a2d4851a1d" />
    <TestEntry testId="2aa22940-96fb-27df-7452-07b4b151f94a" executionId="fd94f02b-af98-4f46-be92-821eb4124770" testListId="8c84fa94-04c1-424b-9868-57a2d4851a1d" />
    <TestEntry testId="e66999b4-76df-6f8e-320f-b513663fb5dd" executionId="a6216ae0-4279-46a5-beb6-1e584a87c2bf" testListId="8c84fa94-04c1-424b-9868-57a2d4851a1d" />
    <TestEntry testId="8710e914-fbad-7734-a8f3-b91a572260e9" executionId="169fe5e7-12a7-4f3f-b037-2daa93968e3e" testListId="8c84fa94-04c1-424b-9868-57a2d4851a1d" />
    <TestEntry testId="3f72b62f-b811-24dd-31cf-923106cb42e9" executionId="64c352b3-78d5-4be6-b244-912e9beafc14" testListId="8c84fa94-04c1-424b-9868-57a2d4851a1d" />
    <TestEntry testId="2654cd84-c1a4-4e8e-9ed7-505ad2d21eb4" executionId="01acc130-9478-48d7-ad32-9ae798f235d7" testListId="8c84fa94-04c1-424b-9868-57a2d4851a1d" />
    <TestEntry testId="39b102f2-13d0-2d0d-0ebe-1e7b894e3472" executionId="10155136-ddaa-40e4-a212-7df9e95a5d00" testListId="8c84fa94-04c1-424b-9868-57a2d4851a1d" />
    <TestEntry testId="856ddc71-2801-b69c-a47a-c5f3ae6a2cb1" executionId="0758f2a9-ed7c-478d-8922-99f975010be3" testListId="8c84fa94-04c1-424b-9868-57a2d4851a1d" />
    <TestEntry testId="3e99aac8-e81e-567f-9478-7cb24496672e" executionId="74c1a9e6-d335-429c-bbba-c0357f206815" testListId="8c84fa94-04c1-424b-9868-57a2d4851a1d" />
    <TestEntry testId="1fc338f5-f1e2-4c1c-8674-eed4b195f616" executionId="8d7ebf3b-bd74-4c63-83f6-ca11cb8eaa92" testListId="8c84fa94-04c1-424b-9868-57a2d4851a1d" />
    <TestEntry testId="0a3049a1-455e-9e65-0531-d005b874ad48" executionId="962156a7-dfd3-4799-b5f2-a97b3d1b1de8" testListId="8c84fa94-04c1-424b-9868-57a2d4851a1d" />
    <TestEntry testId="e1238086-43d6-33ee-b92d-754e0de77263" executionId="bb984507-975d-429c-a879-2930a80219cb" testListId="8c84fa94-04c1-424b-9868-57a2d4851a1d" />
    <TestEntry testId="9da2d3ee-225d-17a6-818d-fb07abffe233" executionId="aba15a04-e0be-4774-be0f-6549bdd6ea18" testListId="8c84fa94-04c1-424b-9868-57a2d4851a1d" />
    <TestEntry testId="facac10b-c6db-852d-7796-a1cb6f3b095d" executionId="cdd99426-bbd0-4c18-bf7e-1936ccd8e76c" testListId="8c84fa94-04c1-424b-9868-57a2d4851a1d" />
    <TestEntry testId="b9d24507-1479-9f22-a79f-14fcd1b74e76" executionId="efc7b448-6f8e-4c1e-a66a-a108e0c0223b" testListId="8c84fa94-04c1-424b-9868-57a2d4851a1d" />
  </TestEntries>
  <Results>
    <UnitTestResult executionId="47b7078a-66f4-4084-87d0-ea9e6e683cef" testId="44aa9cc8-6033-5338-2c45-cc41905f5ded" testName="ShouldBeAbleToSignInAndGetUserPaymentPlan" computerName="GLAVTOP" duration="00:00:01.9290442" startTime="2012-08-15T18:20:33.0919601+10:00" endTime="2012-08-15T18:20:35.4524453+10:00" testType="13cdc9d9-ddb5-4fa4-a97d-d965ccfc6d4b" outcome="Passed" testListId="8c84fa94-04c1-424b-9868-57a2d4851a1d" relativeResultsDirectory="47b7078a-66f4-4084-87d0-ea9e6e683cef">
      <Output>
        <DebugTrace>QTAgent32.exe Information: 0 : 15/08/2012 06:20:34: CacheProvider initialised with memory cache engine

QTAgent32.exe Information: 0 : 15/08/2012 06:20:34: CacheProvider initialised with memory cache engine

QTAgent32.exe Information: 0 : 15/08/2012 06:20:35: Adding data to cache with cache key: OAuthTokenEntry_D5VOnhRpr6QtWdPPfgLOcP7U_RhLyzsfoHcaKPBxtKc1, expiry date 2012/08/15 09:20:35

QTAgent32.exe Information: 0 : 15/08/2012 06:20:35: Adding data to cache with cache key: UserPaymentPlan_753bf0eb-d5ab-4c96-95d3-dbb3300b44dd, expiry date 2012/08/15 07:20:35

QTAgent32.exe Information: 0 : 15/08/2012 06:20:35: Adding item [UserPaymentPlan_753bf0eb-d5ab-4c96-95d3-dbb3300b44dd] to cache with expiry date/time of [15/08/2012 07:20:35].

</DebugTrace>
      </Output>
    </UnitTestResult>
    <UnitTestResult executionId="771a6511-309e-406a-af4a-1c37899bc991" testId="3dd59a0e-4e4a-df53-9231-37a61ee1389c" testName="ShouldBeAbleToAddDebtToUserPaymentPlan" computerName="GLAVTOP" duration="00:00:00.1509574" startTime="2012-08-15T18:20:35.4524453+10:00" endTime="2012-08-15T18:20:35.6087017+10:00" testType="13cdc9d9-ddb5-4fa4-a97d-d965ccfc6d4b" outcome="Passed" testListId="8c84fa94-04c1-424b-9868-57a2d4851a1d" relativeResultsDirectory="771a6511-309e-406a-af4a-1c37899bc991">
      <Output>
        <DebugTrace>QTAgent32.exe Information: 0 : 15/08/2012 06:20:35: CacheProvider initialised with memory cache engine

QTAgent32.exe Information: 0 : 15/08/2012 06:20:35: CacheProvider initialised with memory cache engine

QTAgent32.exe Information: 0 : 15/08/2012 06:20:35: Adding data to cache with cache key: OAuthTokenEntry_V4DztSiQqdWQO6NeaWrB4CdTcbZroGZNUHw5IyYgq-U1, expiry date 2012/08/15 09:20:35

QTAgent32.exe Information: 0 : 15/08/2012 06:20:35: Adding data to cache with cache key: UserPaymentPlan_8cd316f1-8d12-4f41-8c68-5178df881d05, expiry date 2012/08/15 07:20:35

QTAgent32.exe Information: 0 : 15/08/2012 06:20:35: Adding item [UserPaymentPlan_8cd316f1-8d12-4f41-8c68-5178df881d05] to cache with expiry date/time of [15/08/2012 07:20:35].

QTAgent32.exe Information: 0 : 15/08/2012 06:20:35: Retrieving item [UserPaymentPlan_8cd316f1-8d12-4f41-8c68-5178df881d05] from cache.

QTAgent32.exe Information: 0 : 15/08/2012 06:20:35: Adding data to cache with cache key: UserPaymentPlan_8cd316f1-8d12-4f41-8c68-5178df881d05, expiry date 2012/08/15 07:20:35

QTAgent32.exe Information: 0 : 15/08/2012 06:20:35: Adding item [UserPaymentPlan_8cd316f1-8d12-4f41-8c68-5178df881d05] to cache with expiry date/time of [15/08/2012 07:20:35].

QTAgent32.exe Information: 0 : 15/08/2012 06:20:35: Adding data to cache with cache key: OAuthTokenEntry_HfUeLcZDa6XNr5Ds5MpxlS5MQ1cQSUAi68ric6v4OHA1, expiry date 2012/08/15 09:20:35

QTAgent32.exe Information: 0 : 15/08/2012 06:20:35: Adding data to cache with cache key: UserPaymentPlan_8cd316f1-8d12-4f41-8c68-5178df881d05, expiry date 2012/08/15 07:20:35

QTAgent32.exe Information: 0 : 15/08/2012 06:20:35: Adding item [UserPaymentPlan_8cd316f1-8d12-4f41-8c68-5178df881d05] to cache with expiry date/time of [15/08/2012 07:20:35].

</DebugTrace>
      </Output>
    </UnitTestResult>
    <UnitTestResult executionId="38a8bbd0-b63b-4331-b591-03bd42615b31" testId="e7df2b0d-2d99-7c60-2105-111c1a6281d9" testName="ShouldBeAbleToAddMultipleDebtsToUserPaymentPlan" computerName="GLAVTOP" duration="00:00:00.1884688" startTime="2012-08-15T18:20:35.6087017+10:00" endTime="2012-08-15T18:20:35.8118495+10:00" testType="13cdc9d9-ddb5-4fa4-a97d-d965ccfc6d4b" outcome="Passed" testListId="8c84fa94-04c1-424b-9868-57a2d4851a1d" relativeResultsDirectory="38a8bbd0-b63b-4331-b591-03bd42615b31">
      <Output>
        <DebugTrace>QTAgent32.exe Information: 0 : 15/08/2012 06:20:35: CacheProvider initialised with memory cache engine

QTAgent32.exe Information: 0 : 15/08/2012 06:20:35: CacheProvider initialised with memory cache engine

QTAgent32.exe Information: 0 : 15/08/2012 06:20:35: Adding data to cache with cache key: OAuthTokenEntry_DVZJFqRgoeUDP4D0iQes8sKn_avCR9gDJIZnqfd4QrI1, expiry date 2012/08/15 09:20:35

QTAgent32.exe Information: 0 : 15/08/2012 06:20:35: Adding data to cache with cache key: UserPaymentPlan_6726e894-c6ad-4859-9b14-98596b2552dd, expiry date 2012/08/15 07:20:35

QTAgent32.exe Information: 0 : 15/08/2012 06:20:35: Adding item [UserPaymentPlan_6726e894-c6ad-4859-9b14-98596b2552dd] to cache with expiry date/time of [15/08/2012 07:20:35].

QTAgent32.exe Information: 0 : 15/08/2012 06:20:35: Retrieving item [UserPaymentPlan_6726e894-c6ad-4859-9b14-98596b2552dd] from cache.

QTAgent32.exe Information: 0 : 15/08/2012 06:20:35: Adding data to cache with cache key: UserPaymentPlan_6726e894-c6ad-4859-9b14-98596b2552dd, expiry date 2012/08/15 07:20:35

QTAgent32.exe Information: 0 : 15/08/2012 06:20:35: Adding item [UserPaymentPlan_6726e894-c6ad-4859-9b14-98596b2552dd] to cache with expiry date/time of [15/08/2012 07:20:35].

QTAgent32.exe Information: 0 : 15/08/2012 06:20:35: Adding data to cache with cache key: UserPaymentPlan_6726e894-c6ad-4859-9b14-98596b2552dd, expiry date 2012/08/15 07:20:35

QTAgent32.exe Information: 0 : 15/08/2012 06:20:35: Adding item [UserPaymentPlan_6726e894-c6ad-4859-9b14-98596b2552dd] to cache with expiry date/time of [15/08/2012 07:20:35].

QTAgent32.exe Information: 0 : 15/08/2012 06:20:35: Adding data to cache with cache key: UserPaymentPlan_6726e894-c6ad-4859-9b14-98596b2552dd, expiry date 2012/08/15 07:20:35

QTAgent32.exe Information: 0 : 15/08/2012 06:20:35: Adding item [UserPaymentPlan_6726e894-c6ad-4859-9b14-98596b2552dd] to cache with expiry date/time of [15/08/2012 07:20:35].

</DebugTrace>
      </Output>
    </UnitTestResult>
    <UnitTestResult executionId="f10873d4-b003-4a3e-83f9-c813a6b41e45" testId="5fd23d7e-4595-35fc-0d45-04ddfd00357d" testName="ShouldBeAbleToAddPaymentInstallmentToDebt" computerName="GLAVTOP" duration="00:00:00.1054845" startTime="2012-08-15T18:20:35.8118495+10:00" endTime="2012-08-15T18:20:35.9212184+10:00" testType="13cdc9d9-ddb5-4fa4-a97d-d965ccfc6d4b" outcome="Passed" testListId="8c84fa94-04c1-424b-9868-57a2d4851a1d" relativeResultsDirectory="f10873d4-b003-4a3e-83f9-c813a6b41e45">
      <Output>
        <DebugTrace>QTAgent32.exe Information: 0 : 15/08/2012 06:20:35: CacheProvider initialised with memory cache engine

QTAgent32.exe Information: 0 : 15/08/2012 06:20:35: CacheProvider initialised with memory cache engine

QTAgent32.exe Information: 0 : 15/08/2012 06:20:35: Adding data to cache with cache key: OAuthTokenEntry_OOWS3-84zOAI7oz97qqU6cr1CIGnBcqAiOF-fg5MB8o1, expiry date 2012/08/15 09:20:35

QTAgent32.exe Information: 0 : 15/08/2012 06:20:35: Adding data to cache with cache key: UserPaymentPlan_cf27b675-d175-451d-9984-bc9b7c73664b, expiry date 2012/08/15 07:20:35

QTAgent32.exe Information: 0 : 15/08/2012 06:20:35: Adding item [UserPaymentPlan_cf27b675-d175-451d-9984-bc9b7c73664b] to cache with expiry date/time of [15/08/2012 07:20:35].

QTAgent32.exe Information: 0 : 15/08/2012 06:20:35: Retrieving item [UserPaymentPlan_cf27b675-d175-451d-9984-bc9b7c73664b] from cache.

QTAgent32.exe Information: 0 : 15/08/2012 06:20:35: Adding data to cache with cache key: UserPaymentPlan_cf27b675-d175-451d-9984-bc9b7c73664b, expiry date 2012/08/15 07:20:35

QTAgent32.exe Information: 0 : 15/08/2012 06:20:35: Adding item [UserPaymentPlan_cf27b675-d175-451d-9984-bc9b7c73664b] to cache with expiry date/time of [15/08/2012 07:20:35].

QTAgent32.exe Information: 0 : 15/08/2012 06:20:35: Adding data to cache with cache key: OAuthTokenEntry_I2_yOBCxw-kRkZUXXmNeXhCvkP2xX6itAGX1nV74MqU1, expiry date 2012/08/15 09:20:35

QTAgent32.exe Information: 0 : 15/08/2012 06:20:35: Adding data to cache with cache key: UserPaymentPlan_cf27b675-d175-451d-9984-bc9b7c73664b, expiry date 2012/08/15 07:20:35

QTAgent32.exe Information: 0 : 15/08/2012 06:20:35: Adding item [UserPaymentPlan_cf27b675-d175-451d-9984-bc9b7c73664b] to cache with expiry date/time of [15/08/2012 07:20:35].

QTAgent32.exe Information: 0 : 15/08/2012 06:20:35: Adding data to cache with cache key: UserPaymentPlan_cf27b675-d175-451d-9984-bc9b7c73664b, expiry date 2012/08/15 07:20:35

QTAgent32.exe Information: 0 : 15/08/2012 06:20:35: Adding item [UserPaymentPlan_cf27b675-d175-451d-9984-bc9b7c73664b] to cache with expiry date/time of [15/08/2012 07:20:35].

</DebugTrace>
      </Output>
    </UnitTestResult>
    <UnitTestResult executionId="bab905bd-647a-4a23-907a-bc242aeb46cc" testId="e5a29dab-58d6-3bfa-be38-a0ba556c81c6" testName="ShouldNotBeAbleToAddPaymentInstallmentToDebtIfNoMoreDebtOwed" computerName="GLAVTOP" duration="00:00:00.1024495" startTime="2012-08-15T18:20:35.9212184+10:00" endTime="2012-08-15T18:20:36.0305976+10:00" testType="13cdc9d9-ddb5-4fa4-a97d-d965ccfc6d4b" outcome="Passed" testListId="8c84fa94-04c1-424b-9868-57a2d4851a1d" relativeResultsDirectory="bab905bd-647a-4a23-907a-bc242aeb46cc">
      <Output>
        <DebugTrace>QTAgent32.exe Information: 0 : 15/08/2012 06:20:35: CacheProvider initialised with memory cache engine

QTAgent32.exe Information: 0 : 15/08/2012 06:20:35: CacheProvider initialised with memory cache engine

QTAgent32.exe Information: 0 : 15/08/2012 06:20:35: Adding data to cache with cache key: OAuthTokenEntry_e6FZk4X08L6eYxgJANyA6Y6Ka9GID7I5CuPw-Y3OPkc1, expiry date 2012/08/15 09:20:35

QTAgent32.exe Information: 0 : 15/08/2012 06:20:35: Adding data to cache with cache key: UserPaymentPlan_cc91edf7-b3d5-434c-b891-938c55a300c1, expiry date 2012/08/15 07:20:35

QTAgent32.exe Information: 0 : 15/08/2012 06:20:35: Adding item [UserPaymentPlan_cc91edf7-b3d5-434c-b891-938c55a300c1] to cache with expiry date/time of [15/08/2012 07:20:35].

QTAgent32.exe Information: 0 : 15/08/2012 06:20:35: Retrieving item [UserPaymentPlan_cc91edf7-b3d5-434c-b891-938c55a300c1] from cache.

QTAgent32.exe Information: 0 : 15/08/2012 06:20:35: Adding data to cache with cache key: UserPaymentPlan_cc91edf7-b3d5-434c-b891-938c55a300c1, expiry date 2012/08/15 07:20:35

QTAgent32.exe Information: 0 : 15/08/2012 06:20:35: Adding item [UserPaymentPlan_cc91edf7-b3d5-434c-b891-938c55a300c1] to cache with expiry date/time of [15/08/2012 07:20:35].

QTAgent32.exe Information: 0 : 15/08/2012 06:20:35: Adding data to cache with cache key: OAuthTokenEntry_GLKp4wh47y4l1V-WKwHEMR-LR7NTm9Wowquu3xWqBP01, expiry date 2012/08/15 09:20:35

QTAgent32.exe Information: 0 : 15/08/2012 06:20:35: Adding data to cache with cache key: UserPaymentPlan_cc91edf7-b3d5-434c-b891-938c55a300c1, expiry date 2012/08/15 07:20:35

QTAgent32.exe Information: 0 : 15/08/2012 06:20:35: Adding item [UserPaymentPlan_cc91edf7-b3d5-434c-b891-938c55a300c1] to cache with expiry date/time of [15/08/2012 07:20:35].

QTAgent32.exe Information: 0 : 15/08/2012 06:20:36: Adding data to cache with cache key: UserPaymentPlan_cc91edf7-b3d5-434c-b891-938c55a300c1, expiry date 2012/08/15 07:20:36

QTAgent32.exe Information: 0 : 15/08/2012 06:20:36: Adding item [UserPaymentPlan_cc91edf7-b3d5-434c-b891-938c55a300c1] to cache with expiry date/time of [15/08/2012 07:20:36].

QTAgent32.exe Information: 0 : 15/08/2012 06:20:36: Adding data to cache with cache key: UserPaymentPlan_cc91edf7-b3d5-434c-b891-938c55a300c1, expiry date 2012/08/15 07:20:36

QTAgent32.exe Information: 0 : 15/08/2012 06:20:36: Adding item [UserPaymentPlan_cc91edf7-b3d5-434c-b891-938c55a300c1] to cache with expiry date/time of [15/08/2012 07:20:36].

</DebugTrace>
      </Output>
    </UnitTestResult>
    <UnitTestResult executionId="1ff77c1c-8922-41a7-bca1-6fb7681a5ea3" testId="71cfd287-2959-021c-fc59-c0e9017df7ad" testName="CanAddDebtOwedToMe" computerName="GLAVTOP" duration="00:00:00.0872866" startTime="2012-08-15T18:20:36.0305976+10:00" endTime="2012-08-15T18:20:36.1243708+10:00" testType="13cdc9d9-ddb5-4fa4-a97d-d965ccfc6d4b" outcome="Passed" testListId="8c84fa94-04c1-424b-9868-57a2d4851a1d" relativeResultsDirectory="1ff77c1c-8922-41a7-bca1-6fb7681a5ea3">
      <Output>
        <DebugTrace>QTAgent32.exe Information: 0 : 15/08/2012 06:20:36: CacheProvider initialised with memory cache engine

QTAgent32.exe Information: 0 : 15/08/2012 06:20:36: CacheProvider initialised with memory cache engine

QTAgent32.exe Information: 0 : 15/08/2012 06:20:36: Adding data to cache with cache key: OAuthTokenEntry_k1Vo135xHx89XCAgQkvA8WXRbryoHB8ZpVq06I0HxTk1, expiry date 2012/08/15 09:20:36

QTAgent32.exe Information: 0 : 15/08/2012 06:20:36: Adding data to cache with cache key: UserPaymentPlan_dcd48cde-c428-42b7-9483-168d1b00b4c1, expiry date 2012/08/15 07:20:36

QTAgent32.exe Information: 0 : 15/08/2012 06:20:36: Adding item [UserPaymentPlan_dcd48cde-c428-42b7-9483-168d1b00b4c1] to cache with expiry date/time of [15/08/2012 07:20:36].

QTAgent32.exe Information: 0 : 15/08/2012 06:20:36: CacheProvider initialised with memory cache engine

QTAgent32.exe Information: 0 : 15/08/2012 06:20:36: Adding data to cache with cache key: OAuthTokenEntry_sW_5XeotDbAAsR4dNv9r9dobGlXOK7dCNhYl9BfDr2M1, expiry date 2012/08/15 09:20:36

QTAgent32.exe Information: 0 : 15/08/2012 06:20:36: Retrieving item [UserPaymentPlan_dcd48cde-c428-42b7-9483-168d1b00b4c1] from cache.

QTAgent32.exe Information: 0 : 15/08/2012 06:20:36: Adding data to cache with cache key: UserPaymentPlan_dcd48cde-c428-42b7-9483-168d1b00b4c1, expiry date 2012/08/15 07:20:36

QTAgent32.exe Information: 0 : 15/08/2012 06:20:36: Adding item [UserPaymentPlan_dcd48cde-c428-42b7-9483-168d1b00b4c1] to cache with expiry date/time of [15/08/2012 07:20:36].

QTAgent32.exe Information: 0 : 15/08/2012 06:20:36: Adding data to cache with cache key: UserPaymentPlan_dcd48cde-c428-42b7-9483-168d1b00b4c1, expiry date 2012/08/15 07:20:36

QTAgent32.exe Information: 0 : 15/08/2012 06:20:36: Adding item [UserPaymentPlan_dcd48cde-c428-42b7-9483-168d1b00b4c1] to cache with expiry date/time of [15/08/2012 07:20:36].

</DebugTrace>
      </Output>
    </UnitTestResult>
    <UnitTestResult executionId="63f7e572-a35d-42ce-8f99-bd0bc1126503" testId="dcdb223f-53ea-6ec4-c18b-1149cc9d0f08" testName="CanProvideSummaryOfDebtOwedToMe" computerName="GLAVTOP" duration="00:00:00.0825650" startTime="2012-08-15T18:20:36.1243708+10:00" endTime="2012-08-15T18:20:36.2181044+10:00" testType="13cdc9d9-ddb5-4fa4-a97d-d965ccfc6d4b" outcome="Passed" testListId="8c84fa94-04c1-424b-9868-57a2d4851a1d" relativeResultsDirectory="63f7e572-a35d-42ce-8f99-bd0bc1126503">
      <Output>
        <DebugTrace>QTAgent32.exe Information: 0 : 15/08/2012 06:20:36: CacheProvider initialised with memory cache engine

QTAgent32.exe Information: 0 : 15/08/2012 06:20:36: CacheProvider initialised with memory cache engine

QTAgent32.exe Information: 0 : 15/08/2012 06:20:36: Adding data to cache with cache key: OAuthTokenEntry_ViaHDQtiXhm6Om0WtWjd5Phcus7cAzM61viEYm1u1zE1, expiry date 2012/08/15 09:20:36

QTAgent32.exe Information: 0 : 15/08/2012 06:20:36: Adding data to cache with cache key: UserPaymentPlan_8f347ffe-b3ad-4f0d-9538-b1194649eaa4, expiry date 2012/08/15 07:20:36

QTAgent32.exe Information: 0 : 15/08/2012 06:20:36: Adding item [UserPaymentPlan_8f347ffe-b3ad-4f0d-9538-b1194649eaa4] to cache with expiry date/time of [15/08/2012 07:20:36].

QTAgent32.exe Information: 0 : 15/08/2012 06:20:36: CacheProvider initialised with memory cache engine

QTAgent32.exe Information: 0 : 15/08/2012 06:20:36: Adding data to cache with cache key: OAuthTokenEntry_XkcJHv9ICmq9HgM6MUlBTevCh5l4CdmGBzNyhWmdD6w1, expiry date 2012/08/15 09:20:36

QTAgent32.exe Information: 0 : 15/08/2012 06:20:36: Retrieving item [UserPaymentPlan_8f347ffe-b3ad-4f0d-9538-b1194649eaa4] from cache.

QTAgent32.exe Information: 0 : 15/08/2012 06:20:36: Adding data to cache with cache key: UserPaymentPlan_8f347ffe-b3ad-4f0d-9538-b1194649eaa4, expiry date 2012/08/15 07:20:36

QTAgent32.exe Information: 0 : 15/08/2012 06:20:36: Adding item [UserPaymentPlan_8f347ffe-b3ad-4f0d-9538-b1194649eaa4] to cache with expiry date/time of [15/08/2012 07:20:36].

QTAgent32.exe Information: 0 : 15/08/2012 06:20:36: Adding data to cache with cache key: UserPaymentPlan_8f347ffe-b3ad-4f0d-9538-b1194649eaa4, expiry date 2012/08/15 07:20:36

QTAgent32.exe Information: 0 : 15/08/2012 06:20:36: Adding item [UserPaymentPlan_8f347ffe-b3ad-4f0d-9538-b1194649eaa4] to cache with expiry date/time of [15/08/2012 07:20:36].

</DebugTrace>
      </Output>
    </UnitTestResult>
    <UnitTestResult executionId="749ad51a-9c9e-4ba8-8c00-73129ded910a" testId="edf32688-f572-5eae-c381-554d0bf15674" testName="CanNotChangeDebtsOwedToOthers" computerName="GLAVTOP" duration="00:00:00.0592202" startTime="2012-08-15T18:20:36.2181044+10:00" endTime="2012-08-15T18:20:36.2806284+10:00" testType="13cdc9d9-ddb5-4fa4-a97d-d965ccfc6d4b" outcome="Passed" testListId="8c84fa94-04c1-424b-9868-57a2d4851a1d" relativeResultsDirectory="749ad51a-9c9e-4ba8-8c00-73129ded910a">
      <Output>
        <DebugTrace>QTAgent32.exe Information: 0 : 15/08/2012 06:20:36: CacheProvider initialised with memory cache engine

QTAgent32.exe Information: 0 : 15/08/2012 06:20:36: CacheProvider initialised with memory cache engine

QTAgent32.exe Information: 0 : 15/08/2012 06:20:36: Adding data to cache with cache key: OAuthTokenEntry_Vp6pt4mhPGKLhNQ35RtiKDiBAXhNkKYwuGPeH4Xk4ms1, expiry date 2012/08/15 09:20:36

QTAgent32.exe Information: 0 : 15/08/2012 06:20:36: Adding data to cache with cache key: UserPaymentPlan_462cce27-86f9-4160-832d-f928beb01497, expiry date 2012/08/15 07:20:36

QTAgent32.exe Information: 0 : 15/08/2012 06:20:36: Adding item [UserPaymentPlan_462cce27-86f9-4160-832d-f928beb01497] to cache with expiry date/time of [15/08/2012 07:20:36].

QTAgent32.exe Information: 0 : 15/08/2012 06:20:36: Retrieving item [UserPaymentPlan_462cce27-86f9-4160-832d-f928beb01497] from cache.

QTAgent32.exe Information: 0 : 15/08/2012 06:20:36: Adding data to cache with cache key: UserPaymentPlan_462cce27-86f9-4160-832d-f928beb01497, expiry date 2012/08/15 07:20:36

QTAgent32.exe Information: 0 : 15/08/2012 06:20:36: Adding item [UserPaymentPlan_462cce27-86f9-4160-832d-f928beb01497] to cache with expiry date/time of [15/08/2012 07:20:36].

QTAgent32.exe Information: 0 : 15/08/2012 06:20:36: Adding data to cache with cache key: UserPaymentPlan_462cce27-86f9-4160-832d-f928beb01497, expiry date 2012/08/15 07:20:36

QTAgent32.exe Information: 0 : 15/08/2012 06:20:36: Adding item [UserPaymentPlan_462cce27-86f9-4160-832d-f928beb01497] to cache with expiry date/time of [15/08/2012 07:20:36].

</DebugTrace>
      </Output>
    </UnitTestResult>
    <UnitTestResult executionId="6ba569f0-d702-43b4-9f93-da5fd4d44768" testId="d348c1a1-5988-e632-ea7b-b77dc3143110" testName="CanRetrieveDebtsIOweToOthers" computerName="GLAVTOP" duration="00:00:00.0852401" startTime="2012-08-15T18:20:36.2962293+10:00" endTime="2012-08-15T18:20:36.3743831+10:00" testType="13cdc9d9-ddb5-4fa4-a97d-d965ccfc6d4b" outcome="Passed" testListId="8c84fa94-04c1-424b-9868-57a2d4851a1d" relativeResultsDirectory="6ba569f0-d702-43b4-9f93-da5fd4d44768">
      <Output>
        <DebugTrace>QTAgent32.exe Information: 0 : 15/08/2012 06:20:36: CacheProvider initialised with memory cache engine

QTAgent32.exe Information: 0 : 15/08/2012 06:20:36: CacheProvider initialised with memory cache engine

QTAgent32.exe Information: 0 : 15/08/2012 06:20:36: Adding data to cache with cache key: OAuthTokenEntry_vEf-KgO-xxuqcPHm4tAvPNwge4I2wfpTYemfvSiFsBg1, expiry date 2012/08/15 09:20:36

QTAgent32.exe Information: 0 : 15/08/2012 06:20:36: CacheProvider initialised with memory cache engine

QTAgent32.exe Information: 0 : 15/08/2012 06:20:36: Adding data to cache with cache key: OAuthTokenEntry_N1F3hHfHryMJkMUEHQnA6BTZq1PmsQ3R1mIBBvo9UJA1, expiry date 2012/08/15 09:20:36

User who owes debt = 880cf182-e794-47a0-a5e1-6e5291977f48
User who is owed the debt = 10961e04-df71-43ab-93a5-fa9732274234
QTAgent32.exe Information: 0 : 15/08/2012 06:20:36: Adding data to cache with cache key: UserPaymentPlan_10961e04-df71-43ab-93a5-fa9732274234, expiry date 2012/08/15 07:20:36

QTAgent32.exe Information: 0 : 15/08/2012 06:20:36: Adding item [UserPaymentPlan_10961e04-df71-43ab-93a5-fa9732274234] to cache with expiry date/time of [15/08/2012 07:20:36].

QTAgent32.exe Information: 0 : 15/08/2012 06:20:36: Adding data to cache with cache key: UserPaymentPlan_880cf182-e794-47a0-a5e1-6e5291977f48, expiry date 2012/08/15 07:20:36

QTAgent32.exe Information: 0 : 15/08/2012 06:20:36: Adding item [UserPaymentPlan_880cf182-e794-47a0-a5e1-6e5291977f48] to cache with expiry date/time of [15/08/2012 07:20:36].

</DebugTrace>
      </Output>
    </UnitTestResult>
    <UnitTestResult executionId="202f729f-85e3-408c-9649-143dd83e437c" testId="50da6079-fcc9-3c27-2ff7-23ec27920291" testName="EnsureValidUserCannotDeleteDebtNotBelongingToThem" computerName="GLAVTOP" duration="00:00:00.1254452" startTime="2012-08-15T18:20:36.3899822+10:00" endTime="2012-08-15T18:20:36.5149904+10:00" testType="13cdc9d9-ddb5-4fa4-a97d-d965ccfc6d4b" outcome="Passed" testListId="8c84fa94-04c1-424b-9868-57a2d4851a1d" relativeResultsDirectory="202f729f-85e3-408c-9649-143dd83e437c">
      <Output>
        <DebugTrace>QTAgent32.exe Information: 0 : 15/08/2012 06:20:36: CacheProvider initialised with memory cache engine

QTAgent32.exe Information: 0 : 15/08/2012 06:20:36: CacheProvider initialised with memory cache engine

QTAgent32.exe Information: 0 : 15/08/2012 06:20:36: Adding data to cache with cache key: OAuthTokenEntry_J8dPsv-NGTV9BANQTVmado7x7EOH1eoAgsy4zIOjAws1, expiry date 2012/08/15 09:20:36

QTAgent32.exe Information: 0 : 15/08/2012 06:20:36: Adding data to cache with cache key: UserPaymentPlan_fd1c0777-acc5-49e5-a7c2-c90f83f20f87, expiry date 2012/08/15 07:20:36

QTAgent32.exe Information: 0 : 15/08/2012 06:20:36: Adding item [UserPaymentPlan_fd1c0777-acc5-49e5-a7c2-c90f83f20f87] to cache with expiry date/time of [15/08/2012 07:20:36].

QTAgent32.exe Information: 0 : 15/08/2012 06:20:36: CacheProvider initialised with memory cache engine

QTAgent32.exe Information: 0 : 15/08/2012 06:20:36: Adding data to cache with cache key: OAuthTokenEntry_OQocOAI8d547_LZI1ldPE7zK83F5BSLFbzwaxEIlWL01, expiry date 2012/08/15 09:20:36

QTAgent32.exe Information: 0 : 15/08/2012 06:20:36: CacheProvider initialised with memory cache engine

QTAgent32.exe Information: 0 : 15/08/2012 06:20:36: Adding data to cache with cache key: OAuthTokenEntry_slcA4zkGXx7Kt9AVAZs6Jd3kg7xlSZRMa1pT0HjlaY41, expiry date 2012/08/15 09:20:36

QTAgent32.exe Information: 0 : 15/08/2012 06:20:36: Retrieving item [UserPaymentPlan_fd1c0777-acc5-49e5-a7c2-c90f83f20f87] from cache.

QTAgent32.exe Information: 0 : 15/08/2012 06:20:36: Adding data to cache with cache key: UserPaymentPlan_fd1c0777-acc5-49e5-a7c2-c90f83f20f87, expiry date 2012/08/15 07:20:36

QTAgent32.exe Information: 0 : 15/08/2012 06:20:36: Adding item [UserPaymentPlan_fd1c0777-acc5-49e5-a7c2-c90f83f20f87] to cache with expiry date/time of [15/08/2012 07:20:36].

QTAgent32.exe Information: 0 : 15/08/2012 06:20:36: Adding data to cache with cache key: UserPaymentPlan_fd1c0777-acc5-49e5-a7c2-c90f83f20f87, expiry date 2012/08/15 07:20:36

QTAgent32.exe Information: 0 : 15/08/2012 06:20:36: Adding item [UserPaymentPlan_fd1c0777-acc5-49e5-a7c2-c90f83f20f87] to cache with expiry date/time of [15/08/2012 07:20:36].

QTAgent32.exe Information: 0 : 15/08/2012 06:20:36: Adding data to cache with cache key: UserPaymentPlan_2a431d98-87df-4f80-9c38-1836bb772c97, expiry date 2012/08/15 07:20:36

QTAgent32.exe Information: 0 : 15/08/2012 06:20:36: Adding item [UserPaymentPlan_2a431d98-87df-4f80-9c38-1836bb772c97] to cache with expiry date/time of [15/08/2012 07:20:36].

</DebugTrace>
      </Output>
    </UnitTestResult>
    <UnitTestResult executionId="3326a460-a529-43e2-b2e8-b85119d1d568" testId="92773650-8826-3e75-eae2-0e28a1cca5ae" testName="EnsureValidUserCanDeleteDebtBelongingToThem" computerName="GLAVTOP" duration="00:00:00.1756784" startTime="2012-08-15T18:20:36.5149904+10:00" endTime="2012-08-15T18:20:36.7024973+10:00" testType="13cdc9d9-ddb5-4fa4-a97d-d965ccfc6d4b" outcome="Passed" testListId="8c84fa94-04c1-424b-9868-57a2d4851a1d" relativeResultsDirectory="3326a460-a529-43e2-b2e8-b85119d1d568">
      <Output>
        <DebugTrace>QTAgent32.exe Information: 0 : 15/08/2012 06:20:36: CacheProvider initialised with memory cache engine

QTAgent32.exe Information: 0 : 15/08/2012 06:20:36: CacheProvider initialised with memory cache engine

QTAgent32.exe Information: 0 : 15/08/2012 06:20:36: Adding data to cache with cache key: OAuthTokenEntry_7ym20QymQ1mI8Kz7epYBB6SZeMs0He4I27R6NuZQja81, expiry date 2012/08/15 09:20:36

QTAgent32.exe Information: 0 : 15/08/2012 06:20:36: Adding data to cache with cache key: UserPaymentPlan_3de4bb5b-ddb2-49e3-bb5d-b77779ce83cd, expiry date 2012/08/15 07:20:36

QTAgent32.exe Information: 0 : 15/08/2012 06:20:36: Adding item [UserPaymentPlan_3de4bb5b-ddb2-49e3-bb5d-b77779ce83cd] to cache with expiry date/time of [15/08/2012 07:20:36].

QTAgent32.exe Information: 0 : 15/08/2012 06:20:36: CacheProvider initialised with memory cache engine

QTAgent32.exe Information: 0 : 15/08/2012 06:20:36: Adding data to cache with cache key: OAuthTokenEntry_mjtlOoZZZexEDR3DgfBeUKYMEA-aknEbushw_SwiSBQ1, expiry date 2012/08/15 09:20:36

QTAgent32.exe Information: 0 : 15/08/2012 06:20:36: Retrieving item [UserPaymentPlan_3de4bb5b-ddb2-49e3-bb5d-b77779ce83cd] from cache.

QTAgent32.exe Information: 0 : 15/08/2012 06:20:36: Adding data to cache with cache key: UserPaymentPlan_3de4bb5b-ddb2-49e3-bb5d-b77779ce83cd, expiry date 2012/08/15 07:20:36

QTAgent32.exe Information: 0 : 15/08/2012 06:20:36: Adding item [UserPaymentPlan_3de4bb5b-ddb2-49e3-bb5d-b77779ce83cd] to cache with expiry date/time of [15/08/2012 07:20:36].

QTAgent32.exe Information: 0 : 15/08/2012 06:20:36: Adding data to cache with cache key: UserPaymentPlan_3de4bb5b-ddb2-49e3-bb5d-b77779ce83cd, expiry date 2012/08/15 07:20:36

QTAgent32.exe Information: 0 : 15/08/2012 06:20:36: Adding item [UserPaymentPlan_3de4bb5b-ddb2-49e3-bb5d-b77779ce83cd] to cache with expiry date/time of [15/08/2012 07:20:36].

QTAgent32.exe Information: 0 : 15/08/2012 06:20:36: Retrieving item [UserPaymentPlan_3de4bb5b-ddb2-49e3-bb5d-b77779ce83cd] from cache.

QTAgent32.exe Information: 0 : 15/08/2012 06:20:36: Adding data to cache with cache key: UserPaymentPlan_3de4bb5b-ddb2-49e3-bb5d-b77779ce83cd, expiry date 2012/08/15 07:20:36

QTAgent32.exe Information: 0 : 15/08/2012 06:20:36: Adding item [UserPaymentPlan_3de4bb5b-ddb2-49e3-bb5d-b77779ce83cd] to cache with expiry date/time of [15/08/2012 07:20:36].

QTAgent32.exe Information: 0 : 15/08/2012 06:20:36: Adding data to cache with cache key: UserPaymentPlan_3de4bb5b-ddb2-49e3-bb5d-b77779ce83cd, expiry date 2012/08/15 07:20:36

QTAgent32.exe Information: 0 : 15/08/2012 06:20:36: Adding item [UserPaymentPlan_3de4bb5b-ddb2-49e3-bb5d-b77779ce83cd] to cache with expiry date/time of [15/08/2012 07:20:36].

</DebugTrace>
      </Output>
    </UnitTestResult>
    <UnitTestResult executionId="95407d74-1c20-4889-950e-95eb2f74daf8" testId="bd75bfee-d75a-afac-7b4e-f8eeab7139e2" testName="SHouldBeAbleToSignUpAndSignIn" computerName="GLAVTOP" duration="00:00:00.0329481" startTime="2012-08-15T18:20:36.7024973+10:00" endTime="2012-08-15T18:20:36.7493964+10:00" testType="13cdc9d9-ddb5-4fa4-a97d-d965ccfc6d4b" outcome="Passed" testListId="8c84fa94-04c1-424b-9868-57a2d4851a1d" relativeResultsDirectory="95407d74-1c20-4889-950e-95eb2f74daf8">
      <Output>
        <DebugTrace>QTAgent32.exe Information: 0 : 15/08/2012 06:20:36: CacheProvider initialised with memory cache engine

QTAgent32.exe Information: 0 : 15/08/2012 06:20:36: Adding data to cache with cache key: OAuthTokenEntry_KIXK6LNPAlLwJ0wOYlOrz2ybjI8TuZ9Hgs0mK6oPLU81, expiry date 2012/08/15 09:20:36

</DebugTrace>
      </Output>
    </UnitTestResult>
    <UnitTestResult executionId="1217b716-d983-4b55-b26d-2522ed5d41ae" testId="17c7ec79-6552-46be-8f36-803c891feba8" testName="ShouldNotBeAbleToSignInWhenUserNotValidated" computerName="GLAVTOP" duration="00:00:00.0178187" startTime="2012-08-15T18:20:36.7493964+10:00" endTime="2012-08-15T18:20:36.7650239+10:00" testType="13cdc9d9-ddb5-4fa4-a97d-d965ccfc6d4b" outcome="Passed" testListId="8c84fa94-04c1-424b-9868-57a2d4851a1d" relativeResultsDirectory="1217b716-d983-4b55-b26d-2522ed5d41ae">
      <Output>
        <DebugTrace>QTAgent32.exe Information: 0 : 15/08/2012 06:20:36: CacheProvider initialised with memory cache engine

</DebugTrace>
      </Output>
    </UnitTestResult>
    <UnitTestResult executionId="9b026fea-572a-495f-b37c-308eb92ce214" testId="84a45382-ae95-43a9-6b01-8fd21d3e8048" testName="ShouldNotBeAbleToSignInWithEmptyPasswordEvenIfValidated" computerName="GLAVTOP" duration="00:00:00.0272772" startTime="2012-08-15T18:20:36.7806249+10:00" endTime="2012-08-15T18:20:36.8119004+10:00" testType="13cdc9d9-ddb5-4fa4-a97d-d965ccfc6d4b" outcome="Passed" testListId="8c84fa94-04c1-424b-9868-57a2d4851a1d" relativeResultsDirectory="9b026fea-572a-495f-b37c-308eb92ce214">
      <Output>
        <DebugTrace>QTAgent32.exe Information: 0 : 15/08/2012 06:20:36: CacheProvider initialised with memory cache engine

</DebugTrace>
      </Output>
    </UnitTestResult>
    <UnitTestResult executionId="0f4a4892-01fc-4359-bf52-889749062044" testId="85e231ee-64a4-7645-8905-c8a7a23597ed" testName="CannotSaveUserWithoutEmail" computerName="GLAVTOP" duration="00:00:00.0024406" startTime="2012-08-15T18:20:36.8119004+10:00" endTime="2012-08-15T18:20:36.8119004+10:00" testType="13cdc9d9-ddb5-4fa4-a97d-d965ccfc6d4b" outcome="Passed" testListId="8c84fa94-04c1-424b-9868-57a2d4851a1d" relativeResultsDirectory="0f4a4892-01fc-4359-bf52-889749062044">
      <Output>
        <DebugTrace>QTAgent32.exe Information: 0 : 15/08/2012 06:20:36: CacheProvider initialised with memory cache engine

</DebugTrace>
      </Output>
    </UnitTestResult>
    <UnitTestResult executionId="0aef7741-eb84-4d83-a34e-71d540bd413b" testId="b808ccdc-95ed-da36-2492-84e3a0485a5e" testName="ShouldBeAbleToSaveUnvalidatedUserWithOnlyEmailAddress" computerName="GLAVTOP" duration="00:00:00.0105090" startTime="2012-08-15T18:20:36.8275056+10:00" endTime="2012-08-15T18:20:36.8431315+10:00" testType="13cdc9d9-ddb5-4fa4-a97d-d965ccfc6d4b" outcome="Passed" testListId="8c84fa94-04c1-424b-9868-57a2d4851a1d" relativeResultsDirectory="0aef7741-eb84-4d83-a34e-71d540bd413b">
      <Output>
        <DebugTrace>QTAgent32.exe Information: 0 : 15/08/2012 06:20:36: CacheProvider initialised with memory cache engine

</DebugTrace>
      </Output>
    </UnitTestResult>
    <UnitTestResult executionId="6359e496-bcdd-44d3-a331-d1925df28b35" testId="e9188809-41f6-48b4-7b33-bb563fe9b401" testName="ShouldNotBeAbleToSaveNewUnvalidatedUserWithSameEmailAsExistingUser" computerName="GLAVTOP" duration="00:00:00.0135329" startTime="2012-08-15T18:20:36.8431315+10:00" endTime="2012-08-15T18:20:36.8587529+10:00" testType="13cdc9d9-ddb5-4fa4-a97d-d965ccfc6d4b" outcome="Passed" testListId="8c84fa94-04c1-424b-9868-57a2d4851a1d" relativeResultsDirectory="6359e496-bcdd-44d3-a331-d1925df28b35">
      <Output>
        <DebugTrace>QTAgent32.exe Information: 0 : 15/08/2012 06:20:36: CacheProvider initialised with memory cache engine

</DebugTrace>
      </Output>
    </UnitTestResult>
    <UnitTestResult executionId="fd94f02b-af98-4f46-be92-821eb4124770" testId="2aa22940-96fb-27df-7452-07b4b151f94a" testName="ShouldReturnAllUsers" computerName="GLAVTOP" duration="00:00:00.2568919" startTime="2012-08-15T18:20:36.8587529+10:00" endTime="2012-08-15T18:20:37.1244116+10:00" testType="13cdc9d9-ddb5-4fa4-a97d-d965ccfc6d4b" outcome="Passed" testListId="8c84fa94-04c1-424b-9868-57a2d4851a1d" relativeResultsDirectory="fd94f02b-af98-4f46-be92-821eb4124770">
      <Output>
        <DebugTrace>QTAgent32.exe Information: 0 : 15/08/2012 06:20:36: CacheProvider initialised with memory cache engine

</DebugTrace>
      </Output>
    </UnitTestResult>
    <UnitTestResult executionId="a6216ae0-4279-46a5-beb6-1e584a87c2bf" testId="e66999b4-76df-6f8e-320f-b513663fb5dd" testName="ShouldReturnOnlyUsersMatchingSearchByCriteria" computerName="GLAVTOP" duration="00:00:00.2899948" startTime="2012-08-15T18:20:37.1244116+10:00" endTime="2012-08-15T18:20:37.4212765+10:00" testType="13cdc9d9-ddb5-4fa4-a97d-d965ccfc6d4b" outcome="Passed" testListId="8c84fa94-04c1-424b-9868-57a2d4851a1d" relativeResultsDirectory="a6216ae0-4279-46a5-beb6-1e584a87c2bf">
      <Output>
        <DebugTrace>QTAgent32.exe Information: 0 : 15/08/2012 06:20:37: CacheProvider initialised with memory cache engine

</DebugTrace>
      </Output>
    </UnitTestResult>
    <UnitTestResult executionId="169fe5e7-12a7-4f3f-b037-2daa93968e3e" testId="8710e914-fbad-7734-a8f3-b91a572260e9" testName="ShouldReturnOnlyUsersMatchingSearchByCriteriaUsingPaging" computerName="GLAVTOP" duration="00:00:00.3208325" startTime="2012-08-15T18:20:37.4368979+10:00" endTime="2012-08-15T18:20:37.7494345+10:00" testType="13cdc9d9-ddb5-4fa4-a97d-d965ccfc6d4b" outcome="Passed" testListId="8c84fa94-04c1-424b-9868-57a2d4851a1d" relativeResultsDirectory="169fe5e7-12a7-4f3f-b037-2daa93968e3e">
      <Output>
        <DebugTrace>QTAgent32.exe Information: 0 : 15/08/2012 06:20:37: CacheProvider initialised with memory cache engine

</DebugTrace>
      </Output>
    </UnitTestResult>
    <UnitTestResult executionId="64c352b3-78d5-4be6-b244-912e9beafc14" testId="3f72b62f-b811-24dd-31cf-923106cb42e9" testName="ShouldBeAbleToCreateANewPaymentPlanForAUserIfNoPlanExists" computerName="GLAVTOP" duration="00:00:00.5240570" startTime="2012-08-15T18:20:37.7650351+10:00" endTime="2012-08-15T18:20:38.6556967+10:00" testType="13cdc9d9-ddb5-4fa4-a97d-d965ccfc6d4b" outcome="Passed" testListId="8c84fa94-04c1-424b-9868-57a2d4851a1d" relativeResultsDirectory="64c352b3-78d5-4be6-b244-912e9beafc14">
    </UnitTestResult>
    <UnitTestResult executionId="01acc130-9478-48d7-ad32-9ae798f235d7" testId="2654cd84-c1a4-4e8e-9ed7-505ad2d21eb4" testName="ShouldBeAbleToAddDebtToPaymentPlan" computerName="GLAVTOP" duration="00:00:00.0432419" startTime="2012-08-15T18:20:38.6556967+10:00" endTime="2012-08-15T18:20:38.7025704+10:00" testType="13cdc9d9-ddb5-4fa4-a97d-d965ccfc6d4b" outcome="Passed" testListId="8c84fa94-04c1-424b-9868-57a2d4851a1d" relativeResultsDirectory="01acc130-9478-48d7-ad32-9ae798f235d7">
    </UnitTestResult>
    <UnitTestResult executionId="10155136-ddaa-40e4-a212-7df9e95a5d00" testId="39b102f2-13d0-2d0d-0ebe-1e7b894e3472" testName="ShouldNotBeAbleToAddDebtToPaymentPlanWithoutAssociatedUser" computerName="GLAVTOP" duration="00:00:00.0095424" startTime="2012-08-15T18:20:38.7025704+10:00" endTime="2012-08-15T18:20:38.7181995+10:00" testType="13cdc9d9-ddb5-4fa4-a97d-d965ccfc6d4b" outcome="Passed" testListId="8c84fa94-04c1-424b-9868-57a2d4851a1d" relativeResultsDirectory="10155136-ddaa-40e4-a212-7df9e95a5d00">
    </UnitTestResult>
    <UnitTestResult executionId="0758f2a9-ed7c-478d-8922-99f975010be3" testId="856ddc71-2801-b69c-a47a-c5f3ae6a2cb1" testName="ShouldBeAbleToAddPaymentInstallmentToDebtInPaymentPlan" computerName="GLAVTOP" duration="00:00:00.0351393" startTime="2012-08-15T18:20:38.7181995+10:00" endTime="2012-08-15T18:20:38.7650759+10:00" testType="13cdc9d9-ddb5-4fa4-a97d-d965ccfc6d4b" outcome="Passed" testListId="8c84fa94-04c1-424b-9868-57a2d4851a1d" relativeResultsDirectory="0758f2a9-ed7c-478d-8922-99f975010be3">
    </UnitTestResult>
    <UnitTestResult executionId="74c1a9e6-d335-429c-bbba-c0357f206815" testId="3e99aac8-e81e-567f-9478-7cb24496672e" testName="ShouldBeAbleToCalculateDebtSummaryOfDebtsOwedToUser" computerName="GLAVTOP" duration="00:00:00.0154904" startTime="2012-08-15T18:20:38.7963252+10:00" endTime="2012-08-15T18:20:38.8119650+10:00" testType="13cdc9d9-ddb5-4fa4-a97d-d965ccfc6d4b" outcome="Passed" testListId="8c84fa94-04c1-424b-9868-57a2d4851a1d" relativeResultsDirectory="74c1a9e6-d335-429c-bbba-c0357f206815">
    </UnitTestResult>
    <UnitTestResult executionId="8d7ebf3b-bd74-4c63-83f6-ca11cb8eaa92" testId="1fc338f5-f1e2-4c1c-8674-eed4b195f616" testName="ShouldBeAbleToProvideSummaryForNewUserWithNoDebts" computerName="GLAVTOP" duration="00:00:00.0069119" startTime="2012-08-15T18:20:38.8275748+10:00" endTime="2012-08-15T18:20:38.8275748+10:00" testType="13cdc9d9-ddb5-4fa4-a97d-d965ccfc6d4b" outcome="Passed" testListId="8c84fa94-04c1-424b-9868-57a2d4851a1d" relativeResultsDirectory="8d7ebf3b-bd74-4c63-83f6-ca11cb8eaa92">
    </UnitTestResult>
    <UnitTestResult executionId="962156a7-dfd3-4799-b5f2-a97b3d1b1de8" testId="0a3049a1-455e-9e65-0531-d005b874ad48" testName="ShouldBeAbleToCalculateMultipleDebtsWithInstallmentsToProvideSummaryOfDebtsOwedToUser" computerName="GLAVTOP" duration="00:00:00.0134201" startTime="2012-08-15T18:20:38.8432008+10:00" endTime="2012-08-15T18:20:38.8588264+10:00" testType="13cdc9d9-ddb5-4fa4-a97d-d965ccfc6d4b" outcome="Passed" testListId="8c84fa94-04c1-424b-9868-57a2d4851a1d" relativeResultsDirectory="962156a7-dfd3-4799-b5f2-a97b3d1b1de8">
    </UnitTestResult>
    <UnitTestResult executionId="bb984507-975d-429c-a879-2930a80219cb" testId="e1238086-43d6-33ee-b92d-754e0de77263" testName="ShouldBeAbleToCalculateMultipleDebtsOwedByMeAndToMeWithInstallmentsToProvideSummaryOfDebtsOwedToUser" computerName="GLAVTOP" duration="00:00:00.0127430" startTime="2012-08-15T18:20:38.8588264+10:00" endTime="2012-08-15T18:20:38.8744705+10:00" testType="13cdc9d9-ddb5-4fa4-a97d-d965ccfc6d4b" outcome="Passed" testListId="8c84fa94-04c1-424b-9868-57a2d4851a1d" relativeResultsDirectory="bb984507-975d-429c-a879-2930a80219cb">
    </UnitTestResult>
    <UnitTestResult executionId="aba15a04-e0be-4774-be0f-6549bdd6ea18" testId="9da2d3ee-225d-17a6-818d-fb07abffe233" testName="AccessTokenShouldBeValid" computerName="GLAVTOP" duration="00:00:00.0111011" startTime="2012-08-15T18:20:38.8744705+10:00" endTime="2012-08-15T18:20:38.8900930+10:00" testType="13cdc9d9-ddb5-4fa4-a97d-d965ccfc6d4b" outcome="Passed" testListId="8c84fa94-04c1-424b-9868-57a2d4851a1d" relativeResultsDirectory="aba15a04-e0be-4774-be0f-6549bdd6ea18">
    </UnitTestResult>
    <UnitTestResult executionId="cdd99426-bbd0-4c18-bf7e-1936ccd8e76c" testId="facac10b-c6db-852d-7796-a1cb6f3b095d" testName="AccessTokenShouldNotBeValidAsDoesNotExist" computerName="GLAVTOP" duration="00:00:00.0043770" startTime="2012-08-15T18:20:38.8900930+10:00" endTime="2012-08-15T18:20:38.9057040+10:00" testType="13cdc9d9-ddb5-4fa4-a97d-d965ccfc6d4b" outcome="Passed" testListId="8c84fa94-04c1-424b-9868-57a2d4851a1d" relativeResultsDirectory="cdd99426-bbd0-4c18-bf7e-1936ccd8e76c">
    </UnitTestResult>
    <UnitTestResult executionId="efc7b448-6f8e-4c1e-a66a-a108e0c0223b" testId="b9d24507-1479-9f22-a79f-14fcd1b74e76" testName="AccessTokenShouldNotBeValidAsExpired" computerName="GLAVTOP" duration="00:00:00.0042954" startTime="2012-08-15T18:20:38.9057040+10:00" endTime="2012-08-15T18:20:38.9213296+10:00" testType="13cdc9d9-ddb5-4fa4-a97d-d965ccfc6d4b" outcome="Passed" testListId="8c84fa94-04c1-424b-9868-57a2d4851a1d" relativeResultsDirectory="efc7b448-6f8e-4c1e-a66a-a108e0c0223b">
    </UnitTestResult>
  </Results>
</TestRun>