<?xml version="1.0" encoding="UTF-8"?>
<TestRun id="594a283f-5450-4fae-8079-b2204460f123" name="Paul@GLAVTOP 2012-08-15 18:20:09" runUser="GLAVTOP\Paul" xmlns="http://microsoft.com/schemas/VisualStudio/TeamTest/2010">
  <TestSettings name="Local" id="d23f8251-c841-4598-9abe-942041d14e8c">
    <Description>These are default test settings for a local test run.</Description>
    <Deployment runDeploymentRoot="Paul_GLAVTOP 2012-08-15 18_20_09">
      <DeploymentItem filename="D:\Data\Development\Dev Projects\PayMeBack\PayMeBack\Dependecies\Autofac-2.4.4.705-NET40\Autofac.dll" />
      <DeploymentItem filename="D:\Data\Development\Dev Projects\PayMeBack\PayMeBack\Glav.PayMeBack.Core\bin\Debug\Glav.PayMeBack.Core.dll" />
      <DeploymentItem filename="D:\Data\Development\Dev Projects\PayMeBack\PayMeBack\MvcWebRole1\bin\Glav.PayMeBack.Web.dll" />
    </Deployment>
    <Execution>
      <TestTypeSpecific>
        <UnitTestRunConfig testTypeId="13cdc9d9-ddb5-4fa4-a97d-d965ccfc6d4b">
          <AssemblyResolution>
            <TestDirectory useLoadContext="true" />
          </AssemblyResolution>
        </UnitTestRunConfig>
        <WebTestRunConfiguration testTypeId="4e7599fa-5ecb-43e9-a887-cd63cf72d207">
          <Browser name="Internet Explorer 7.0">
            <Headers>
              <Header name="User-Agent" value="Mozilla/4.0 (compatible; MSIE 7.0; Windows NT 5.1)" />
              <Header name="Accept" value="*/*" />
              <Header name="Accept-Language" value="{{$IEAcceptLanguage}}" />
              <Header name="Accept-Encoding" value="GZIP" />
            </Headers>
          </Browser>
        </WebTestRunConfiguration>
      </TestTypeSpecific>
      <AgentRule name="LocalMachineDefaultRole">
        <DataCollectors>
          <DataCollector uri="datacollector://microsoft/CodeCoverage/1.0" assemblyQualifiedName="Microsoft.VisualStudio.TestTools.CodeCoverage.CoveragePlugIn, Microsoft.VisualStudio.QualityTools.Plugins.CodeCoverage, Version=10.0.0.0, Culture=neutral, PublicKeyToken=b03f5f7f11d50a3a" friendlyName="Code Coverage">
          </DataCollector>
        </DataCollectors>
      </AgentRule>
    </Execution>
  </TestSettings>
  <Times creation="2012-08-15T18:20:09.0712542+10:00" queuing="2012-08-15T18:20:10.6181864+10:00" start="2012-08-15T18:20:10.7275648+10:00" finish="2012-08-15T18:20:18.0736552+10:00" />
  <ResultSummary outcome="Completed">
    <Counters total="20" executed="20" passed="20" error="0" failed="0" timeout="0" aborted="0" inconclusive="0" passedButRunAborted="0" notRunnable="0" notExecuted="0" disconnected="0" warning="0" completed="0" inProgress="0" pending="0" />
  </ResultSummary>
  <TestDefinitions>
    <UnitTest name="CanRetrieveDebtsIOweToOthers" storage="d:\data\development\dev projects\paymeback\paymeback\glav.paymeback.integrationtests\bin\debug\glav.paymeback.integrationtests.dll" id="d348c1a1-5988-e632-ea7b-b77dc3143110">
      <Execution id="750ea80e-d052-4d3f-9cad-cb5105181bbb" />
      <TestMethod codeBase="D:/Data/Development/Dev Projects/PayMeBack/PayMeBack/Glav.PayMeBack.IntegrationTests/bin/Debug/Glav.PayMeBack.IntegrationTests.DLL" adapterTypeName="Microsoft.VisualStudio.TestTools.TestTypes.Unit.UnitTestAdapter, Microsoft.VisualStudio.QualityTools.Tips.UnitTest.Adapter, Version=10.0.0.0, Culture=neutral, PublicKeyToken=b03f5f7f11d50a3a" className="Glav.PayMeBack.IntegrationTests.ServiceTests.PaymentPlanServiceTests, Glav.PayMeBack.IntegrationTests, Version=1.0.0.0, Culture=neutral, PublicKeyToken=null" name="CanRetrieveDebtsIOweToOthers" />
    </UnitTest>
    <UnitTest name="ShouldBeAbleToSaveUnvalidatedUserWithOnlyEmailAddress" storage="d:\data\development\dev projects\paymeback\paymeback\glav.paymeback.integrationtests\bin\debug\glav.paymeback.integrationtests.dll" id="b808ccdc-95ed-da36-2492-84e3a0485a5e">
      <Execution id="d4d38305-66a3-48bf-b557-2ef38df628d4" />
      <TestMethod codeBase="D:/Data/Development/Dev Projects/PayMeBack/PayMeBack/Glav.PayMeBack.IntegrationTests/bin/Debug/Glav.PayMeBack.IntegrationTests.DLL" adapterTypeName="Microsoft.VisualStudio.TestTools.TestTypes.Unit.UnitTestAdapter, Microsoft.VisualStudio.QualityTools.Tips.UnitTest.Adapter, Version=10.0.0.0, Culture=neutral, PublicKeyToken=b03f5f7f11d50a3a" className="Glav.PayMeBack.IntegrationTests.EngineTests.UserEngineTests, Glav.PayMeBack.IntegrationTests, Version=1.0.0.0, Culture=neutral, PublicKeyToken=null" name="ShouldBeAbleToSaveUnvalidatedUserWithOnlyEmailAddress" />
    </UnitTest>
    <UnitTest name="EnsureValidUserCannotDeleteDebtNotBelongingToThem" storage="d:\data\development\dev projects\paymeback\paymeback\glav.paymeback.integrationtests\bin\debug\glav.paymeback.integrationtests.dll" id="50da6079-fcc9-3c27-2ff7-23ec27920291">
      <Execution id="5ace282b-41df-4671-afac-d730bfcaf7a0" />
      <TestMethod codeBase="D:/Data/Development/Dev Projects/PayMeBack/PayMeBack/Glav.PayMeBack.IntegrationTests/bin/Debug/Glav.PayMeBack.IntegrationTests.DLL" adapterTypeName="Microsoft.VisualStudio.TestTools.TestTypes.Unit.UnitTestAdapter, Microsoft.VisualStudio.QualityTools.Tips.UnitTest.Adapter, Version=10.0.0.0, Culture=neutral, PublicKeyToken=b03f5f7f11d50a3a" className="Glav.PayMeBack.IntegrationTests.ServiceTests.PaymentPlanServiceTests, Glav.PayMeBack.IntegrationTests, Version=1.0.0.0, Culture=neutral, PublicKeyToken=null" name="EnsureValidUserCannotDeleteDebtNotBelongingToThem" />
    </UnitTest>
    <UnitTest name="SHouldBeAbleToSignUpAndSignIn" storage="d:\data\development\dev projects\paymeback\paymeback\glav.paymeback.integrationtests\bin\debug\glav.paymeback.integrationtests.dll" id="bd75bfee-d75a-afac-7b4e-f8eeab7139e2">
      <Execution id="c06e1f5d-5adb-423a-93a8-65b458a94957" />
      <TestMethod codeBase="D:/Data/Development/Dev Projects/PayMeBack/PayMeBack/Glav.PayMeBack.IntegrationTests/bin/Debug/Glav.PayMeBack.IntegrationTests.DLL" adapterTypeName="Microsoft.VisualStudio.TestTools.TestTypes.Unit.UnitTestAdapter, Microsoft.VisualStudio.QualityTools.Tips.UnitTest.Adapter, Version=10.0.0.0, Culture=neutral, PublicKeyToken=b03f5f7f11d50a3a" className="Glav.PayMeBack.IntegrationTests.ServiceTests.SignupServiceTests, Glav.PayMeBack.IntegrationTests, Version=1.0.0.0, Culture=neutral, PublicKeyToken=null" name="SHouldBeAbleToSignUpAndSignIn" />
    </UnitTest>
    <UnitTest name="ShouldNotBeAbleToAddPaymentInstallmentToDebtIfNoMoreDebtOwed" storage="d:\data\development\dev projects\paymeback\paymeback\glav.paymeback.integrationtests\bin\debug\glav.paymeback.integrationtests.dll" id="e5a29dab-58d6-3bfa-be38-a0ba556c81c6">
      <Execution id="2122700b-e752-455c-a801-b0ffed971584" />
      <TestMethod codeBase="D:/Data/Development/Dev Projects/PayMeBack/PayMeBack/Glav.PayMeBack.IntegrationTests/bin/Debug/Glav.PayMeBack.IntegrationTests.DLL" adapterTypeName="Microsoft.VisualStudio.TestTools.TestTypes.Unit.UnitTestAdapter, Microsoft.VisualStudio.QualityTools.Tips.UnitTest.Adapter, Version=10.0.0.0, Culture=neutral, PublicKeyToken=b03f5f7f11d50a3a" className="Glav.PayMeBack.IntegrationTests.ServiceTests.PaymentPlanServiceTests, Glav.PayMeBack.IntegrationTests, Version=1.0.0.0, Culture=neutral, PublicKeyToken=null" name="ShouldNotBeAbleToAddPaymentInstallmentToDebtIfNoMoreDebtOwed" />
    </UnitTest>
    <UnitTest name="CanNotChangeDebtsOwedToOthers" storage="d:\data\development\dev projects\paymeback\paymeback\glav.paymeback.integrationtests\bin\debug\glav.paymeback.integrationtests.dll" id="edf32688-f572-5eae-c381-554d0bf15674">
      <Execution id="6def34f1-097f-45ad-9289-84159987ce73" />
      <TestMethod codeBase="D:/Data/Development/Dev Projects/PayMeBack/PayMeBack/Glav.PayMeBack.IntegrationTests/bin/Debug/Glav.PayMeBack.IntegrationTests.DLL" adapterTypeName="Microsoft.VisualStudio.TestTools.TestTypes.Unit.UnitTestAdapter, Microsoft.VisualStudio.QualityTools.Tips.UnitTest.Adapter, Version=10.0.0.0, Culture=neutral, PublicKeyToken=b03f5f7f11d50a3a" className="Glav.PayMeBack.IntegrationTests.ServiceTests.PaymentPlanServiceTests, Glav.PayMeBack.IntegrationTests, Version=1.0.0.0, Culture=neutral, PublicKeyToken=null" name="CanNotChangeDebtsOwedToOthers" />
    </UnitTest>
    <UnitTest name="ShouldBeAbleToAddPaymentInstallmentToDebt" storage="d:\data\development\dev projects\paymeback\paymeback\glav.paymeback.integrationtests\bin\debug\glav.paymeback.integrationtests.dll" id="5fd23d7e-4595-35fc-0d45-04ddfd00357d">
      <Execution id="2ae91129-1db4-4766-a807-91088931b409" />
      <TestMethod codeBase="D:/Data/Development/Dev Projects/PayMeBack/PayMeBack/Glav.PayMeBack.IntegrationTests/bin/Debug/Glav.PayMeBack.IntegrationTests.DLL" adapterTypeName="Microsoft.VisualStudio.TestTools.TestTypes.Unit.UnitTestAdapter, Microsoft.VisualStudio.QualityTools.Tips.UnitTest.Adapter, Version=10.0.0.0, Culture=neutral, PublicKeyToken=b03f5f7f11d50a3a" className="Glav.PayMeBack.IntegrationTests.ServiceTests.PaymentPlanServiceTests, Glav.PayMeBack.IntegrationTests, Version=1.0.0.0, Culture=neutral, PublicKeyToken=null" name="ShouldBeAbleToAddPaymentInstallmentToDebt" />
    </UnitTest>
    <UnitTest name="ShouldBeAbleToAddDebtToUserPaymentPlan" storage="d:\data\development\dev projects\paymeback\paymeback\glav.paymeback.integrationtests\bin\debug\glav.paymeback.integrationtests.dll" id="3dd59a0e-4e4a-df53-9231-37a61ee1389c">
      <Execution id="a7f18b65-b98e-4e0c-8b31-8849b4908869" />
      <TestMethod codeBase="D:/Data/Development/Dev Projects/PayMeBack/PayMeBack/Glav.PayMeBack.IntegrationTests/bin/Debug/Glav.PayMeBack.IntegrationTests.DLL" adapterTypeName="Microsoft.VisualStudio.TestTools.TestTypes.Unit.UnitTestAdapter, Microsoft.VisualStudio.QualityTools.Tips.UnitTest.Adapter, Version=10.0.0.0, Culture=neutral, PublicKeyToken=b03f5f7f11d50a3a" className="Glav.PayMeBack.IntegrationTests.ServiceTests.PaymentPlanServiceTests, Glav.PayMeBack.IntegrationTests, Version=1.0.0.0, Culture=neutral, PublicKeyToken=null" name="ShouldBeAbleToAddDebtToUserPaymentPlan" />
    </UnitTest>
    <UnitTest name="CanAddDebtOwedToMe" storage="d:\data\development\dev projects\paymeback\paymeback\glav.paymeback.integrationtests\bin\debug\glav.paymeback.integrationtests.dll" id="71cfd287-2959-021c-fc59-c0e9017df7ad">
      <Execution id="8b97214e-f355-47f9-a272-da08c1f251af" />
      <TestMethod codeBase="D:/Data/Development/Dev Projects/PayMeBack/PayMeBack/Glav.PayMeBack.IntegrationTests/bin/Debug/Glav.PayMeBack.IntegrationTests.DLL" adapterTypeName="Microsoft.VisualStudio.TestTools.TestTypes.Unit.UnitTestAdapter, Microsoft.VisualStudio.QualityTools.Tips.UnitTest.Adapter, Version=10.0.0.0, Culture=neutral, PublicKeyToken=b03f5f7f11d50a3a" className="Glav.PayMeBack.IntegrationTests.ServiceTests.PaymentPlanServiceTests, Glav.PayMeBack.IntegrationTests, Version=1.0.0.0, Culture=neutral, PublicKeyToken=null" name="CanAddDebtOwedToMe" />
    </UnitTest>
    <UnitTest name="ShouldNotBeAbleToSaveNewUnvalidatedUserWithSameEmailAsExistingUser" storage="d:\data\development\dev projects\paymeback\paymeback\glav.paymeback.integrationtests\bin\debug\glav.paymeback.integrationtests.dll" id="e9188809-41f6-48b4-7b33-bb563fe9b401">
      <Execution id="566d5763-f7c6-4ee7-b969-95d121b69b41" />
      <TestMethod codeBase="D:/Data/Development/Dev Projects/PayMeBack/PayMeBack/Glav.PayMeBack.IntegrationTests/bin/Debug/Glav.PayMeBack.IntegrationTests.DLL" adapterTypeName="Microsoft.VisualStudio.TestTools.TestTypes.Unit.UnitTestAdapter, Microsoft.VisualStudio.QualityTools.Tips.UnitTest.Adapter, Version=10.0.0.0, Culture=neutral, PublicKeyToken=b03f5f7f11d50a3a" className="Glav.PayMeBack.IntegrationTests.EngineTests.UserEngineTests, Glav.PayMeBack.IntegrationTests, Version=1.0.0.0, Culture=neutral, PublicKeyToken=null" name="ShouldNotBeAbleToSaveNewUnvalidatedUserWithSameEmailAsExistingUser" />
    </UnitTest>
    <UnitTest name="ShouldBeAbleToAddMultipleDebtsToUserPaymentPlan" storage="d:\data\development\dev projects\paymeback\paymeback\glav.paymeback.integrationtests\bin\debug\glav.paymeback.integrationtests.dll" id="e7df2b0d-2d99-7c60-2105-111c1a6281d9">
      <Execution id="e1b46e38-897e-40ad-94b6-4a7f1ededa3c" />
      <TestMethod codeBase="D:/Data/Development/Dev Projects/PayMeBack/PayMeBack/Glav.PayMeBack.IntegrationTests/bin/Debug/Glav.PayMeBack.IntegrationTests.DLL" adapterTypeName="Microsoft.VisualStudio.TestTools.TestTypes.Unit.UnitTestAdapter, Microsoft.VisualStudio.QualityTools.Tips.UnitTest.Adapter, Version=10.0.0.0, Culture=neutral, PublicKeyToken=b03f5f7f11d50a3a" className="Glav.PayMeBack.IntegrationTests.ServiceTests.PaymentPlanServiceTests, Glav.PayMeBack.IntegrationTests, Version=1.0.0.0, Culture=neutral, PublicKeyToken=null" name="ShouldBeAbleToAddMultipleDebtsToUserPaymentPlan" />
    </UnitTest>
    <UnitTest name="ShouldReturnAllUsers" storage="d:\data\development\dev projects\paymeback\paymeback\glav.paymeback.integrationtests\bin\debug\glav.paymeback.integrationtests.dll" id="2aa22940-96fb-27df-7452-07b4b151f94a">
      <Execution id="7e4a6f93-fdf8-4490-83c5-8d99f5ff586b" />
      <TestMethod codeBase="D:/Data/Development/Dev Projects/PayMeBack/PayMeBack/Glav.PayMeBack.IntegrationTests/bin/Debug/Glav.PayMeBack.IntegrationTests.DLL" adapterTypeName="Microsoft.VisualStudio.TestTools.TestTypes.Unit.UnitTestAdapter, Microsoft.VisualStudio.QualityTools.Tips.UnitTest.Adapter, Version=10.0.0.0, Culture=neutral, PublicKeyToken=b03f5f7f11d50a3a" className="Glav.PayMeBack.IntegrationTests.EngineTests.UserEngineTests, Glav.PayMeBack.IntegrationTests, Version=1.0.0.0, Culture=neutral, PublicKeyToken=null" name="ShouldReturnAllUsers" />
    </UnitTest>
    <UnitTest name="ShouldBeAbleToSignInAndGetUserPaymentPlan" storage="d:\data\development\dev projects\paymeback\paymeback\glav.paymeback.integrationtests\bin\debug\glav.paymeback.integrationtests.dll" id="44aa9cc8-6033-5338-2c45-cc41905f5ded">
      <Execution id="df15423c-4691-492e-a641-2b5f4e599c18" />
      <TestMethod codeBase="D:/Data/Development/Dev Projects/PayMeBack/PayMeBack/Glav.PayMeBack.IntegrationTests/bin/Debug/Glav.PayMeBack.IntegrationTests.DLL" adapterTypeName="Microsoft.VisualStudio.TestTools.TestTypes.Unit.UnitTestAdapter, Microsoft.VisualStudio.QualityTools.Tips.UnitTest.Adapter, Version=10.0.0.0, Culture=neutral, PublicKeyToken=b03f5f7f11d50a3a" className="Glav.PayMeBack.IntegrationTests.ServiceTests.PaymentPlanServiceTests, Glav.PayMeBack.IntegrationTests, Version=1.0.0.0, Culture=neutral, PublicKeyToken=null" name="ShouldBeAbleToSignInAndGetUserPaymentPlan" />
    </UnitTest>
    <UnitTest name="ShouldNotBeAbleToSignInWithEmptyPasswordEvenIfValidated" storage="d:\data\development\dev projects\paymeback\paymeback\glav.paymeback.integrationtests\bin\debug\glav.paymeback.integrationtests.dll" id="84a45382-ae95-43a9-6b01-8fd21d3e8048">
      <Execution id="98253f8a-ef6b-4bf9-85b0-5396a97b4b3e" />
      <TestMethod codeBase="D:/Data/Development/Dev Projects/PayMeBack/PayMeBack/Glav.PayMeBack.IntegrationTests/bin/Debug/Glav.PayMeBack.IntegrationTests.DLL" adapterTypeName="Microsoft.VisualStudio.TestTools.TestTypes.Unit.UnitTestAdapter, Microsoft.VisualStudio.QualityTools.Tips.UnitTest.Adapter, Version=10.0.0.0, Culture=neutral, PublicKeyToken=b03f5f7f11d50a3a" className="Glav.PayMeBack.IntegrationTests.ServiceTests.SignupServiceTests, Glav.PayMeBack.IntegrationTests, Version=1.0.0.0, Culture=neutral, PublicKeyToken=null" name="ShouldNotBeAbleToSignInWithEmptyPasswordEvenIfValidated" />
    </UnitTest>
    <UnitTest name="ShouldNotBeAbleToSignInWhenUserNotValidated" storage="d:\data\development\dev projects\paymeback\paymeback\glav.paymeback.integrationtests\bin\debug\glav.paymeback.integrationtests.dll" id="17c7ec79-6552-46be-8f36-803c891feba8">
      <Execution id="38543b04-67aa-4cc7-9135-116170783c39" />
      <TestMethod codeBase="D:/Data/Development/Dev Projects/PayMeBack/PayMeBack/Glav.PayMeBack.IntegrationTests/bin/Debug/Glav.PayMeBack.IntegrationTests.DLL" adapterTypeName="Microsoft.VisualStudio.TestTools.TestTypes.Unit.UnitTestAdapter, Microsoft.VisualStudio.QualityTools.Tips.UnitTest.Adapter, Version=10.0.0.0, Culture=neutral, PublicKeyToken=b03f5f7f11d50a3a" className="Glav.PayMeBack.IntegrationTests.ServiceTests.SignupServiceTests, Glav.PayMeBack.IntegrationTests, Version=1.0.0.0, Culture=neutral, PublicKeyToken=null" name="ShouldNotBeAbleToSignInWhenUserNotValidated" />
    </UnitTest>
    <UnitTest name="CannotSaveUserWithoutEmail" storage="d:\data\development\dev projects\paymeback\paymeback\glav.paymeback.integrationtests\bin\debug\glav.paymeback.integrationtests.dll" id="85e231ee-64a4-7645-8905-c8a7a23597ed">
      <Execution id="ec9701d0-33a4-47ab-85ba-9e90faccdf66" />
      <TestMethod codeBase="D:/Data/Development/Dev Projects/PayMeBack/PayMeBack/Glav.PayMeBack.IntegrationTests/bin/Debug/Glav.PayMeBack.IntegrationTests.DLL" adapterTypeName="Microsoft.VisualStudio.TestTools.TestTypes.Unit.UnitTestAdapter, Microsoft.VisualStudio.QualityTools.Tips.UnitTest.Adapter, Version=10.0.0.0, Culture=neutral, PublicKeyToken=b03f5f7f11d50a3a" className="Glav.PayMeBack.IntegrationTests.EngineTests.UserEngineTests, Glav.PayMeBack.IntegrationTests, Version=1.0.0.0, Culture=neutral, PublicKeyToken=null" name="CannotSaveUserWithoutEmail" />
    </UnitTest>
    <UnitTest name="EnsureValidUserCanDeleteDebtBelongingToThem" storage="d:\data\development\dev projects\paymeback\paymeback\glav.paymeback.integrationtests\bin\debug\glav.paymeback.integrationtests.dll" id="92773650-8826-3e75-eae2-0e28a1cca5ae">
      <Execution id="fdc1e1dc-c28a-4093-9f01-3bebe54095ba" />
      <TestMethod codeBase="D:/Data/Development/Dev Projects/PayMeBack/PayMeBack/Glav.PayMeBack.IntegrationTests/bin/Debug/Glav.PayMeBack.IntegrationTests.DLL" adapterTypeName="Microsoft.VisualStudio.TestTools.TestTypes.Unit.UnitTestAdapter, Microsoft.VisualStudio.QualityTools.Tips.UnitTest.Adapter, Version=10.0.0.0, Culture=neutral, PublicKeyToken=b03f5f7f11d50a3a" className="Glav.PayMeBack.IntegrationTests.ServiceTests.PaymentPlanServiceTests, Glav.PayMeBack.IntegrationTests, Version=1.0.0.0, Culture=neutral, PublicKeyToken=null" name="EnsureValidUserCanDeleteDebtBelongingToThem" />
    </UnitTest>
    <UnitTest name="ShouldReturnOnlyUsersMatchingSearchByCriteria" storage="d:\data\development\dev projects\paymeback\paymeback\glav.paymeback.integrationtests\bin\debug\glav.paymeback.integrationtests.dll" id="e66999b4-76df-6f8e-320f-b513663fb5dd">
      <Execution id="7cd5cab6-c986-494b-bc75-b1e86c5b7646" />
      <TestMethod codeBase="D:/Data/Development/Dev Projects/PayMeBack/PayMeBack/Glav.PayMeBack.IntegrationTests/bin/Debug/Glav.PayMeBack.IntegrationTests.DLL" adapterTypeName="Microsoft.VisualStudio.TestTools.TestTypes.Unit.UnitTestAdapter, Microsoft.VisualStudio.QualityTools.Tips.UnitTest.Adapter, Version=10.0.0.0, Culture=neutral, PublicKeyToken=b03f5f7f11d50a3a" className="Glav.PayMeBack.IntegrationTests.EngineTests.UserEngineTests, Glav.PayMeBack.IntegrationTests, Version=1.0.0.0, Culture=neutral, PublicKeyToken=null" name="ShouldReturnOnlyUsersMatchingSearchByCriteria" />
    </UnitTest>
    <UnitTest name="CanProvideSummaryOfDebtOwedToMe" storage="d:\data\development\dev projects\paymeback\paymeback\glav.paymeback.integrationtests\bin\debug\glav.paymeback.integrationtests.dll" id="dcdb223f-53ea-6ec4-c18b-1149cc9d0f08">
      <Execution id="a51ab7c7-d9c1-49cc-9a16-8d08cefe46c0" />
      <TestMethod codeBase="D:/Data/Development/Dev Projects/PayMeBack/PayMeBack/Glav.PayMeBack.IntegrationTests/bin/Debug/Glav.PayMeBack.IntegrationTests.DLL" adapterTypeName="Microsoft.VisualStudio.TestTools.TestTypes.Unit.UnitTestAdapter, Microsoft.VisualStudio.QualityTools.Tips.UnitTest.Adapter, Version=10.0.0.0, Culture=neutral, PublicKeyToken=b03f5f7f11d50a3a" className="Glav.PayMeBack.IntegrationTests.ServiceTests.PaymentPlanServiceTests, Glav.PayMeBack.IntegrationTests, Version=1.0.0.0, Culture=neutral, PublicKeyToken=null" name="CanProvideSummaryOfDebtOwedToMe" />
    </UnitTest>
    <UnitTest name="ShouldReturnOnlyUsersMatchingSearchByCriteriaUsingPaging" storage="d:\data\development\dev projects\paymeback\paymeback\glav.paymeback.integrationtests\bin\debug\glav.paymeback.integrationtests.dll" id="8710e914-fbad-7734-a8f3-b91a572260e9">
      <Execution id="5fb1c829-1e61-4f84-a238-9b8b42397fe7" />
      <TestMethod codeBase="D:/Data/Development/Dev Projects/PayMeBack/PayMeBack/Glav.PayMeBack.IntegrationTests/bin/Debug/Glav.PayMeBack.IntegrationTests.DLL" adapterTypeName="Microsoft.VisualStudio.TestTools.TestTypes.Unit.UnitTestAdapter, Microsoft.VisualStudio.QualityTools.Tips.UnitTest.Adapter, Version=10.0.0.0, Culture=neutral, PublicKeyToken=b03f5f7f11d50a3a" className="Glav.PayMeBack.IntegrationTests.EngineTests.UserEngineTests, Glav.PayMeBack.IntegrationTests, Version=1.0.0.0, Culture=neutral, PublicKeyToken=null" name="ShouldReturnOnlyUsersMatchingSearchByCriteriaUsingPaging" />
    </UnitTest>
  </TestDefinitions>
  <TestLists>
    <TestList name="Results Not in a List" id="8c84fa94-04c1-424b-9868-57a2d4851a1d" />
    <TestList name="All Loaded Results" id="19431567-8539-422a-85d7-44ee4e166bda" />
  </TestLists>
  <TestEntries>
    <TestEntry testId="44aa9cc8-6033-5338-2c45-cc41905f5ded" executionId="df15423c-4691-492e-a641-2b5f4e599c18" testListId="8c84fa94-04c1-424b-9868-57a2d4851a1d" />
    <TestEntry testId="3dd59a0e-4e4a-df53-9231-37a61ee1389c" executionId="a7f18b65-b98e-4e0c-8b31-8849b4908869" testListId="8c84fa94-04c1-424b-9868-57a2d4851a1d" />
    <TestEntry testId="e7df2b0d-2d99-7c60-2105-111c1a6281d9" executionId="e1b46e38-897e-40ad-94b6-4a7f1ededa3c" testListId="8c84fa94-04c1-424b-9868-57a2d4851a1d" />
    <TestEntry testId="5fd23d7e-4595-35fc-0d45-04ddfd00357d" executionId="2ae91129-1db4-4766-a807-91088931b409" testListId="8c84fa94-04c1-424b-9868-57a2d4851a1d" />
    <TestEntry testId="e5a29dab-58d6-3bfa-be38-a0ba556c81c6" executionId="2122700b-e752-455c-a801-b0ffed971584" testListId="8c84fa94-04c1-424b-9868-57a2d4851a1d" />
    <TestEntry testId="71cfd287-2959-021c-fc59-c0e9017df7ad" executionId="8b97214e-f355-47f9-a272-da08c1f251af" testListId="8c84fa94-04c1-424b-9868-57a2d4851a1d" />
    <TestEntry testId="dcdb223f-53ea-6ec4-c18b-1149cc9d0f08" executionId="a51ab7c7-d9c1-49cc-9a16-8d08cefe46c0" testListId="8c84fa94-04c1-424b-9868-57a2d4851a1d" />
    <TestEntry testId="edf32688-f572-5eae-c381-554d0bf15674" executionId="6def34f1-097f-45ad-9289-84159987ce73" testListId="8c84fa94-04c1-424b-9868-57a2d4851a1d" />
    <TestEntry testId="d348c1a1-5988-e632-ea7b-b77dc3143110" executionId="750ea80e-d052-4d3f-9cad-cb5105181bbb" testListId="8c84fa94-04c1-424b-9868-57a2d4851a1d" />
    <TestEntry testId="50da6079-fcc9-3c27-2ff7-23ec27920291" executionId="5ace282b-41df-4671-afac-d730bfcaf7a0" testListId="8c84fa94-04c1-424b-9868-57a2d4851a1d" />
    <TestEntry testId="92773650-8826-3e75-eae2-0e28a1cca5ae" executionId="fdc1e1dc-c28a-4093-9f01-3bebe54095ba" testListId="8c84fa94-04c1-424b-9868-57a2d4851a1d" />
    <TestEntry testId="bd75bfee-d75a-afac-7b4e-f8eeab7139e2" executionId="c06e1f5d-5adb-423a-93a8-65b458a94957" testListId="8c84fa94-04c1-424b-9868-57a2d4851a1d" />
    <TestEntry testId="17c7ec79-6552-46be-8f36-803c891feba8" executionId="38543b04-67aa-4cc7-9135-116170783c39" testListId="8c84fa94-04c1-424b-9868-57a2d4851a1d" />
    <TestEntry testId="84a45382-ae95-43a9-6b01-8fd21d3e8048" executionId="98253f8a-ef6b-4bf9-85b0-5396a97b4b3e" testListId="8c84fa94-04c1-424b-9868-57a2d4851a1d" />
    <TestEntry testId="85e231ee-64a4-7645-8905-c8a7a23597ed" executionId="ec9701d0-33a4-47ab-85ba-9e90faccdf66" testListId="8c84fa94-04c1-424b-9868-57a2d4851a1d" />
    <TestEntry testId="b808ccdc-95ed-da36-2492-84e3a0485a5e" executionId="d4d38305-66a3-48bf-b557-2ef38df628d4" testListId="8c84fa94-04c1-424b-9868-57a2d4851a1d" />
    <TestEntry testId="e9188809-41f6-48b4-7b33-bb563fe9b401" executionId="566d5763-f7c6-4ee7-b969-95d121b69b41" testListId="8c84fa94-04c1-424b-9868-57a2d4851a1d" />
    <TestEntry testId="2aa22940-96fb-27df-7452-07b4b151f94a" executionId="7e4a6f93-fdf8-4490-83c5-8d99f5ff586b" testListId="8c84fa94-04c1-424b-9868-57a2d4851a1d" />
    <TestEntry testId="e66999b4-76df-6f8e-320f-b513663fb5dd" executionId="7cd5cab6-c986-494b-bc75-b1e86c5b7646" testListId="8c84fa94-04c1-424b-9868-57a2d4851a1d" />
    <TestEntry testId="8710e914-fbad-7734-a8f3-b91a572260e9" executionId="5fb1c829-1e61-4f84-a238-9b8b42397fe7" testListId="8c84fa94-04c1-424b-9868-57a2d4851a1d" />
  </TestEntries>
  <Results>
    <UnitTestResult executionId="df15423c-4691-492e-a641-2b5f4e599c18" testId="44aa9cc8-6033-5338-2c45-cc41905f5ded" testName="ShouldBeAbleToSignInAndGetUserPaymentPlan" computerName="GLAVTOP" duration="00:00:01.9892326" startTime="2012-08-15T18:20:11.5254995+10:00" endTime="2012-08-15T18:20:13.9328758+10:00" testType="13cdc9d9-ddb5-4fa4-a97d-d965ccfc6d4b" outcome="Passed" testListId="8c84fa94-04c1-424b-9868-57a2d4851a1d" relativeResultsDirectory="df15423c-4691-492e-a641-2b5f4e599c18">
      <Output>
        <DebugTrace>QTAgent32.exe Information: 0 : 15/08/2012 06:20:12: CacheProvider initialised with memory cache engine

QTAgent32.exe Information: 0 : 15/08/2012 06:20:12: CacheProvider initialised with memory cache engine

QTAgent32.exe Information: 0 : 15/08/2012 06:20:13: Adding data to cache with cache key: OAuthTokenEntry_BgEXJczbt_9OQFlDo_AXqmAn-oTvAQlXEmR8aRYTheM1, expiry date 2012/08/15 09:20:13

QTAgent32.exe Information: 0 : 15/08/2012 06:20:13: Adding data to cache with cache key: UserPaymentPlan_27ba1583-66a1-41a1-85df-5852b9e5df8d, expiry date 2012/08/15 07:20:13

QTAgent32.exe Information: 0 : 15/08/2012 06:20:13: Adding item [UserPaymentPlan_27ba1583-66a1-41a1-85df-5852b9e5df8d] to cache with expiry date/time of [15/08/2012 07:20:13].

</DebugTrace>
      </Output>
    </UnitTestResult>
    <UnitTestResult executionId="a7f18b65-b98e-4e0c-8b31-8849b4908869" testId="3dd59a0e-4e4a-df53-9231-37a61ee1389c" testName="ShouldBeAbleToAddDebtToUserPaymentPlan" computerName="GLAVTOP" duration="00:00:00.1626044" startTime="2012-08-15T18:20:13.9484964+10:00" endTime="2012-08-15T18:20:14.1047524+10:00" testType="13cdc9d9-ddb5-4fa4-a97d-d965ccfc6d4b" outcome="Passed" testListId="8c84fa94-04c1-424b-9868-57a2d4851a1d" relativeResultsDirectory="a7f18b65-b98e-4e0c-8b31-8849b4908869">
      <Output>
        <DebugTrace>QTAgent32.exe Information: 0 : 15/08/2012 06:20:13: CacheProvider initialised with memory cache engine

QTAgent32.exe Information: 0 : 15/08/2012 06:20:13: CacheProvider initialised with memory cache engine

QTAgent32.exe Information: 0 : 15/08/2012 06:20:13: Adding data to cache with cache key: OAuthTokenEntry_gE-KqyFCnAgCgG-BtlYjOZeaujY2cnWtaY_LolvYIyg1, expiry date 2012/08/15 09:20:13

QTAgent32.exe Information: 0 : 15/08/2012 06:20:13: Adding data to cache with cache key: UserPaymentPlan_42f211a7-2054-46c7-98cd-b1fb178d306a, expiry date 2012/08/15 07:20:13

QTAgent32.exe Information: 0 : 15/08/2012 06:20:13: Adding item [UserPaymentPlan_42f211a7-2054-46c7-98cd-b1fb178d306a] to cache with expiry date/time of [15/08/2012 07:20:13].

QTAgent32.exe Information: 0 : 15/08/2012 06:20:13: Retrieving item [UserPaymentPlan_42f211a7-2054-46c7-98cd-b1fb178d306a] from cache.

QTAgent32.exe Information: 0 : 15/08/2012 06:20:13: Adding data to cache with cache key: UserPaymentPlan_42f211a7-2054-46c7-98cd-b1fb178d306a, expiry date 2012/08/15 07:20:13

QTAgent32.exe Information: 0 : 15/08/2012 06:20:13: Adding item [UserPaymentPlan_42f211a7-2054-46c7-98cd-b1fb178d306a] to cache with expiry date/time of [15/08/2012 07:20:13].

QTAgent32.exe Information: 0 : 15/08/2012 06:20:14: Adding data to cache with cache key: OAuthTokenEntry_GKaSJdoSpEbW1CJQMWTzD8vHmSjljFZgG8MTwlqvWS01, expiry date 2012/08/15 09:20:14

QTAgent32.exe Information: 0 : 15/08/2012 06:20:14: Adding data to cache with cache key: UserPaymentPlan_42f211a7-2054-46c7-98cd-b1fb178d306a, expiry date 2012/08/15 07:20:14

QTAgent32.exe Information: 0 : 15/08/2012 06:20:14: Adding item [UserPaymentPlan_42f211a7-2054-46c7-98cd-b1fb178d306a] to cache with expiry date/time of [15/08/2012 07:20:14].

</DebugTrace>
      </Output>
    </UnitTestResult>
    <UnitTestResult executionId="e1b46e38-897e-40ad-94b6-4a7f1ededa3c" testId="e7df2b0d-2d99-7c60-2105-111c1a6281d9" testName="ShouldBeAbleToAddMultipleDebtsToUserPaymentPlan" computerName="GLAVTOP" duration="00:00:00.0838119" startTime="2012-08-15T18:20:14.1203776+10:00" endTime="2012-08-15T18:20:14.1985064+10:00" testType="13cdc9d9-ddb5-4fa4-a97d-d965ccfc6d4b" outcome="Passed" testListId="8c84fa94-04c1-424b-9868-57a2d4851a1d" relativeResultsDirectory="e1b46e38-897e-40ad-94b6-4a7f1ededa3c">
      <Output>
        <DebugTrace>QTAgent32.exe Information: 0 : 15/08/2012 06:20:14: CacheProvider initialised with memory cache engine

QTAgent32.exe Information: 0 : 15/08/2012 06:20:14: CacheProvider initialised with memory cache engine

QTAgent32.exe Information: 0 : 15/08/2012 06:20:14: Adding data to cache with cache key: OAuthTokenEntry_Flhlf0mty70jDzEn050MNqPHTvwZ0V5ToDui3qD0wu41, expiry date 2012/08/15 09:20:14

QTAgent32.exe Information: 0 : 15/08/2012 06:20:14: Adding data to cache with cache key: UserPaymentPlan_313cae9a-f343-4678-9db6-b29b7710f003, expiry date 2012/08/15 07:20:14

QTAgent32.exe Information: 0 : 15/08/2012 06:20:14: Adding item [UserPaymentPlan_313cae9a-f343-4678-9db6-b29b7710f003] to cache with expiry date/time of [15/08/2012 07:20:14].

QTAgent32.exe Information: 0 : 15/08/2012 06:20:14: Retrieving item [UserPaymentPlan_313cae9a-f343-4678-9db6-b29b7710f003] from cache.

QTAgent32.exe Information: 0 : 15/08/2012 06:20:14: Adding data to cache with cache key: UserPaymentPlan_313cae9a-f343-4678-9db6-b29b7710f003, expiry date 2012/08/15 07:20:14

QTAgent32.exe Information: 0 : 15/08/2012 06:20:14: Adding item [UserPaymentPlan_313cae9a-f343-4678-9db6-b29b7710f003] to cache with expiry date/time of [15/08/2012 07:20:14].

QTAgent32.exe Information: 0 : 15/08/2012 06:20:14: Adding data to cache with cache key: UserPaymentPlan_313cae9a-f343-4678-9db6-b29b7710f003, expiry date 2012/08/15 07:20:14

QTAgent32.exe Information: 0 : 15/08/2012 06:20:14: Adding item [UserPaymentPlan_313cae9a-f343-4678-9db6-b29b7710f003] to cache with expiry date/time of [15/08/2012 07:20:14].

QTAgent32.exe Information: 0 : 15/08/2012 06:20:14: Adding data to cache with cache key: UserPaymentPlan_313cae9a-f343-4678-9db6-b29b7710f003, expiry date 2012/08/15 07:20:14

QTAgent32.exe Information: 0 : 15/08/2012 06:20:14: Adding item [UserPaymentPlan_313cae9a-f343-4678-9db6-b29b7710f003] to cache with expiry date/time of [15/08/2012 07:20:14].

</DebugTrace>
      </Output>
    </UnitTestResult>
    <UnitTestResult executionId="2ae91129-1db4-4766-a807-91088931b409" testId="5fd23d7e-4595-35fc-0d45-04ddfd00357d" testName="ShouldBeAbleToAddPaymentInstallmentToDebt" computerName="GLAVTOP" duration="00:00:00.1173794" startTime="2012-08-15T18:20:14.1985064+10:00" endTime="2012-08-15T18:20:14.3235108+10:00" testType="13cdc9d9-ddb5-4fa4-a97d-d965ccfc6d4b" outcome="Passed" testListId="8c84fa94-04c1-424b-9868-57a2d4851a1d" relativeResultsDirectory="2ae91129-1db4-4766-a807-91088931b409">
      <Output>
        <DebugTrace>QTAgent32.exe Information: 0 : 15/08/2012 06:20:14: CacheProvider initialised with memory cache engine

QTAgent32.exe Information: 0 : 15/08/2012 06:20:14: CacheProvider initialised with memory cache engine

QTAgent32.exe Information: 0 : 15/08/2012 06:20:14: Adding data to cache with cache key: OAuthTokenEntry_4RNJaIGzWujzrXkd5eHKkw4dBi8Vs79Sy14wIEuMD9Y1, expiry date 2012/08/15 09:20:14

QTAgent32.exe Information: 0 : 15/08/2012 06:20:14: Adding data to cache with cache key: UserPaymentPlan_c204317b-6770-4a0b-98a8-994267ee015f, expiry date 2012/08/15 07:20:14

QTAgent32.exe Information: 0 : 15/08/2012 06:20:14: Adding item [UserPaymentPlan_c204317b-6770-4a0b-98a8-994267ee015f] to cache with expiry date/time of [15/08/2012 07:20:14].

QTAgent32.exe Information: 0 : 15/08/2012 06:20:14: Retrieving item [UserPaymentPlan_c204317b-6770-4a0b-98a8-994267ee015f] from cache.

QTAgent32.exe Information: 0 : 15/08/2012 06:20:14: Adding data to cache with cache key: UserPaymentPlan_c204317b-6770-4a0b-98a8-994267ee015f, expiry date 2012/08/15 07:20:14

QTAgent32.exe Information: 0 : 15/08/2012 06:20:14: Adding item [UserPaymentPlan_c204317b-6770-4a0b-98a8-994267ee015f] to cache with expiry date/time of [15/08/2012 07:20:14].

QTAgent32.exe Information: 0 : 15/08/2012 06:20:14: Adding data to cache with cache key: OAuthTokenEntry_eJxo9c9dYFOmgE2JYlke-MjFOQOc9Uq_zlu7lqleo9I1, expiry date 2012/08/15 09:20:14

QTAgent32.exe Information: 0 : 15/08/2012 06:20:14: Adding data to cache with cache key: UserPaymentPlan_c204317b-6770-4a0b-98a8-994267ee015f, expiry date 2012/08/15 07:20:14

QTAgent32.exe Information: 0 : 15/08/2012 06:20:14: Adding item [UserPaymentPlan_c204317b-6770-4a0b-98a8-994267ee015f] to cache with expiry date/time of [15/08/2012 07:20:14].

QTAgent32.exe Information: 0 : 15/08/2012 06:20:14: Adding data to cache with cache key: UserPaymentPlan_c204317b-6770-4a0b-98a8-994267ee015f, expiry date 2012/08/15 07:20:14

QTAgent32.exe Information: 0 : 15/08/2012 06:20:14: Adding item [UserPaymentPlan_c204317b-6770-4a0b-98a8-994267ee015f] to cache with expiry date/time of [15/08/2012 07:20:14].

</DebugTrace>
      </Output>
    </UnitTestResult>
    <UnitTestResult executionId="2122700b-e752-455c-a801-b0ffed971584" testId="e5a29dab-58d6-3bfa-be38-a0ba556c81c6" testName="ShouldNotBeAbleToAddPaymentInstallmentToDebtIfNoMoreDebtOwed" computerName="GLAVTOP" duration="00:00:00.1247214" startTime="2012-08-15T18:20:14.3235108+10:00" endTime="2012-08-15T18:20:14.4641439+10:00" testType="13cdc9d9-ddb5-4fa4-a97d-d965ccfc6d4b" outcome="Passed" testListId="8c84fa94-04c1-424b-9868-57a2d4851a1d" relativeResultsDirectory="2122700b-e752-455c-a801-b0ffed971584">
      <Output>
        <DebugTrace>QTAgent32.exe Information: 0 : 15/08/2012 06:20:14: CacheProvider initialised with memory cache engine

QTAgent32.exe Information: 0 : 15/08/2012 06:20:14: CacheProvider initialised with memory cache engine

QTAgent32.exe Information: 0 : 15/08/2012 06:20:14: Adding data to cache with cache key: OAuthTokenEntry_0YWbFYmssl0s1dbZswnhWojEmeazEHeQXcUygimWpZ41, expiry date 2012/08/15 09:20:14

QTAgent32.exe Information: 0 : 15/08/2012 06:20:14: Adding data to cache with cache key: UserPaymentPlan_c297defa-ccd9-4a8a-8c8c-5ecd592114bf, expiry date 2012/08/15 07:20:14

QTAgent32.exe Information: 0 : 15/08/2012 06:20:14: Adding item [UserPaymentPlan_c297defa-ccd9-4a8a-8c8c-5ecd592114bf] to cache with expiry date/time of [15/08/2012 07:20:14].

QTAgent32.exe Information: 0 : 15/08/2012 06:20:14: Retrieving item [UserPaymentPlan_c297defa-ccd9-4a8a-8c8c-5ecd592114bf] from cache.

QTAgent32.exe Information: 0 : 15/08/2012 06:20:14: Adding data to cache with cache key: UserPaymentPlan_c297defa-ccd9-4a8a-8c8c-5ecd592114bf, expiry date 2012/08/15 07:20:14

QTAgent32.exe Information: 0 : 15/08/2012 06:20:14: Adding item [UserPaymentPlan_c297defa-ccd9-4a8a-8c8c-5ecd592114bf] to cache with expiry date/time of [15/08/2012 07:20:14].

QTAgent32.exe Information: 0 : 15/08/2012 06:20:14: Adding data to cache with cache key: OAuthTokenEntry_Dv5oSXqNQcYCqXKUwlwQpQ3uJy0CUXXYMaJMUFEyJeY1, expiry date 2012/08/15 09:20:14

QTAgent32.exe Information: 0 : 15/08/2012 06:20:14: Adding data to cache with cache key: UserPaymentPlan_c297defa-ccd9-4a8a-8c8c-5ecd592114bf, expiry date 2012/08/15 07:20:14

QTAgent32.exe Information: 0 : 15/08/2012 06:20:14: Adding item [UserPaymentPlan_c297defa-ccd9-4a8a-8c8c-5ecd592114bf] to cache with expiry date/time of [15/08/2012 07:20:14].

QTAgent32.exe Information: 0 : 15/08/2012 06:20:14: Adding data to cache with cache key: UserPaymentPlan_c297defa-ccd9-4a8a-8c8c-5ecd592114bf, expiry date 2012/08/15 07:20:14

QTAgent32.exe Information: 0 : 15/08/2012 06:20:14: Adding item [UserPaymentPlan_c297defa-ccd9-4a8a-8c8c-5ecd592114bf] to cache with expiry date/time of [15/08/2012 07:20:14].

QTAgent32.exe Information: 0 : 15/08/2012 06:20:14: Adding data to cache with cache key: UserPaymentPlan_c297defa-ccd9-4a8a-8c8c-5ecd592114bf, expiry date 2012/08/15 07:20:14

QTAgent32.exe Information: 0 : 15/08/2012 06:20:14: Adding item [UserPaymentPlan_c297defa-ccd9-4a8a-8c8c-5ecd592114bf] to cache with expiry date/time of [15/08/2012 07:20:14].

</DebugTrace>
      </Output>
    </UnitTestResult>
    <UnitTestResult executionId="8b97214e-f355-47f9-a272-da08c1f251af" testId="71cfd287-2959-021c-fc59-c0e9017df7ad" testName="CanAddDebtOwedToMe" computerName="GLAVTOP" duration="00:00:00.1004338" startTime="2012-08-15T18:20:14.4641439+10:00" endTime="2012-08-15T18:20:14.5735227+10:00" testType="13cdc9d9-ddb5-4fa4-a97d-d965ccfc6d4b" outcome="Passed" testListId="8c84fa94-04c1-424b-9868-57a2d4851a1d" relativeResultsDirectory="8b97214e-f355-47f9-a272-da08c1f251af">
      <Output>
        <DebugTrace>QTAgent32.exe Information: 0 : 15/08/2012 06:20:14: CacheProvider initialised with memory cache engine

QTAgent32.exe Information: 0 : 15/08/2012 06:20:14: CacheProvider initialised with memory cache engine

QTAgent32.exe Information: 0 : 15/08/2012 06:20:14: Adding data to cache with cache key: OAuthTokenEntry_R2xQpJH-BrDwlO5Isi1tY341vE5zLYW5SJZvfBVMi4I1, expiry date 2012/08/15 09:20:14

QTAgent32.exe Information: 0 : 15/08/2012 06:20:14: Adding data to cache with cache key: UserPaymentPlan_c5f2bcf4-f6c2-432b-a38e-fb7c2d504ce5, expiry date 2012/08/15 07:20:14

QTAgent32.exe Information: 0 : 15/08/2012 06:20:14: Adding item [UserPaymentPlan_c5f2bcf4-f6c2-432b-a38e-fb7c2d504ce5] to cache with expiry date/time of [15/08/2012 07:20:14].

QTAgent32.exe Information: 0 : 15/08/2012 06:20:14: CacheProvider initialised with memory cache engine

QTAgent32.exe Information: 0 : 15/08/2012 06:20:14: Adding data to cache with cache key: OAuthTokenEntry_eFwBZlXa5m-IycjzigXjC7b6IWi-k54jG_-iTdkP9Mg1, expiry date 2012/08/15 09:20:14

QTAgent32.exe Information: 0 : 15/08/2012 06:20:14: Retrieving item [UserPaymentPlan_c5f2bcf4-f6c2-432b-a38e-fb7c2d504ce5] from cache.

QTAgent32.exe Information: 0 : 15/08/2012 06:20:14: Adding data to cache with cache key: UserPaymentPlan_c5f2bcf4-f6c2-432b-a38e-fb7c2d504ce5, expiry date 2012/08/15 07:20:14

QTAgent32.exe Information: 0 : 15/08/2012 06:20:14: Adding item [UserPaymentPlan_c5f2bcf4-f6c2-432b-a38e-fb7c2d504ce5] to cache with expiry date/time of [15/08/2012 07:20:14].

QTAgent32.exe Information: 0 : 15/08/2012 06:20:14: Adding data to cache with cache key: UserPaymentPlan_c5f2bcf4-f6c2-432b-a38e-fb7c2d504ce5, expiry date 2012/08/15 07:20:14

QTAgent32.exe Information: 0 : 15/08/2012 06:20:14: Adding item [UserPaymentPlan_c5f2bcf4-f6c2-432b-a38e-fb7c2d504ce5] to cache with expiry date/time of [15/08/2012 07:20:14].

</DebugTrace>
      </Output>
    </UnitTestResult>
    <UnitTestResult executionId="a51ab7c7-d9c1-49cc-9a16-8d08cefe46c0" testId="dcdb223f-53ea-6ec4-c18b-1149cc9d0f08" testName="CanProvideSummaryOfDebtOwedToMe" computerName="GLAVTOP" duration="00:00:00.0862607" startTime="2012-08-15T18:20:14.5735227+10:00" endTime="2012-08-15T18:20:14.6672744+10:00" testType="13cdc9d9-ddb5-4fa4-a97d-d965ccfc6d4b" outcome="Passed" testListId="8c84fa94-04c1-424b-9868-57a2d4851a1d" relativeResultsDirectory="a51ab7c7-d9c1-49cc-9a16-8d08cefe46c0">
      <Output>
        <DebugTrace>QTAgent32.exe Information: 0 : 15/08/2012 06:20:14: CacheProvider initialised with memory cache engine

QTAgent32.exe Information: 0 : 15/08/2012 06:20:14: CacheProvider initialised with memory cache engine

QTAgent32.exe Information: 0 : 15/08/2012 06:20:14: Adding data to cache with cache key: OAuthTokenEntry_kpVUEnl33828BKUj2jqRHR0_4NjP76rgJR4BdFJ4-qs1, expiry date 2012/08/15 09:20:14

QTAgent32.exe Information: 0 : 15/08/2012 06:20:14: Adding data to cache with cache key: UserPaymentPlan_31f351a9-57f0-49a7-a68b-73c36f9d3c2c, expiry date 2012/08/15 07:20:14

QTAgent32.exe Information: 0 : 15/08/2012 06:20:14: Adding item [UserPaymentPlan_31f351a9-57f0-49a7-a68b-73c36f9d3c2c] to cache with expiry date/time of [15/08/2012 07:20:14].

QTAgent32.exe Information: 0 : 15/08/2012 06:20:14: CacheProvider initialised with memory cache engine

QTAgent32.exe Information: 0 : 15/08/2012 06:20:14: Adding data to cache with cache key: OAuthTokenEntry_VAnB_3BayCJDzrrb3BLti3tb6e9BPl7yB_ojKjwaEQY1, expiry date 2012/08/15 09:20:14

QTAgent32.exe Information: 0 : 15/08/2012 06:20:14: Retrieving item [UserPaymentPlan_31f351a9-57f0-49a7-a68b-73c36f9d3c2c] from cache.

QTAgent32.exe Information: 0 : 15/08/2012 06:20:14: Adding data to cache with cache key: UserPaymentPlan_31f351a9-57f0-49a7-a68b-73c36f9d3c2c, expiry date 2012/08/15 07:20:14

QTAgent32.exe Information: 0 : 15/08/2012 06:20:14: Adding item [UserPaymentPlan_31f351a9-57f0-49a7-a68b-73c36f9d3c2c] to cache with expiry date/time of [15/08/2012 07:20:14].

QTAgent32.exe Information: 0 : 15/08/2012 06:20:14: Adding data to cache with cache key: UserPaymentPlan_31f351a9-57f0-49a7-a68b-73c36f9d3c2c, expiry date 2012/08/15 07:20:14

QTAgent32.exe Information: 0 : 15/08/2012 06:20:14: Adding item [UserPaymentPlan_31f351a9-57f0-49a7-a68b-73c36f9d3c2c] to cache with expiry date/time of [15/08/2012 07:20:14].

</DebugTrace>
      </Output>
    </UnitTestResult>
    <UnitTestResult executionId="6def34f1-097f-45ad-9289-84159987ce73" testId="edf32688-f572-5eae-c381-554d0bf15674" testName="CanNotChangeDebtsOwedToOthers" computerName="GLAVTOP" duration="00:00:00.1388241" startTime="2012-08-15T18:20:14.6672744+10:00" endTime="2012-08-15T18:20:14.8235304+10:00" testType="13cdc9d9-ddb5-4fa4-a97d-d965ccfc6d4b" outcome="Passed" testListId="8c84fa94-04c1-424b-9868-57a2d4851a1d" relativeResultsDirectory="6def34f1-097f-45ad-9289-84159987ce73">
      <Output>
        <DebugTrace>QTAgent32.exe Information: 0 : 15/08/2012 06:20:14: CacheProvider initialised with memory cache engine

QTAgent32.exe Information: 0 : 15/08/2012 06:20:14: CacheProvider initialised with memory cache engine

QTAgent32.exe Information: 0 : 15/08/2012 06:20:14: Adding data to cache with cache key: OAuthTokenEntry_6GeafIKCJOaht42SaysC-IYs7yJGVPTG3WEy_t-mtK41, expiry date 2012/08/15 09:20:14

QTAgent32.exe Information: 0 : 15/08/2012 06:20:14: Adding data to cache with cache key: UserPaymentPlan_47712126-6e21-4046-93a1-484793c12b43, expiry date 2012/08/15 07:20:14

QTAgent32.exe Information: 0 : 15/08/2012 06:20:14: Adding item [UserPaymentPlan_47712126-6e21-4046-93a1-484793c12b43] to cache with expiry date/time of [15/08/2012 07:20:14].

QTAgent32.exe Information: 0 : 15/08/2012 06:20:14: Retrieving item [UserPaymentPlan_47712126-6e21-4046-93a1-484793c12b43] from cache.

QTAgent32.exe Information: 0 : 15/08/2012 06:20:14: Adding data to cache with cache key: UserPaymentPlan_47712126-6e21-4046-93a1-484793c12b43, expiry date 2012/08/15 07:20:14

QTAgent32.exe Information: 0 : 15/08/2012 06:20:14: Adding item [UserPaymentPlan_47712126-6e21-4046-93a1-484793c12b43] to cache with expiry date/time of [15/08/2012 07:20:14].

QTAgent32.exe Information: 0 : 15/08/2012 06:20:14: Adding data to cache with cache key: UserPaymentPlan_47712126-6e21-4046-93a1-484793c12b43, expiry date 2012/08/15 07:20:14

QTAgent32.exe Information: 0 : 15/08/2012 06:20:14: Adding item [UserPaymentPlan_47712126-6e21-4046-93a1-484793c12b43] to cache with expiry date/time of [15/08/2012 07:20:14].

</DebugTrace>
      </Output>
    </UnitTestResult>
    <UnitTestResult executionId="750ea80e-d052-4d3f-9cad-cb5105181bbb" testId="d348c1a1-5988-e632-ea7b-b77dc3143110" testName="CanRetrieveDebtsIOweToOthers" computerName="GLAVTOP" duration="00:00:00.0895417" startTime="2012-08-15T18:20:14.8235304+10:00" endTime="2012-08-15T18:20:14.9172875+10:00" testType="13cdc9d9-ddb5-4fa4-a97d-d965ccfc6d4b" outcome="Passed" testListId="8c84fa94-04c1-424b-9868-57a2d4851a1d" relativeResultsDirectory="750ea80e-d052-4d3f-9cad-cb5105181bbb">
      <Output>
        <DebugTrace>QTAgent32.exe Information: 0 : 15/08/2012 06:20:14: CacheProvider initialised with memory cache engine

QTAgent32.exe Information: 0 : 15/08/2012 06:20:14: CacheProvider initialised with memory cache engine

QTAgent32.exe Information: 0 : 15/08/2012 06:20:14: Adding data to cache with cache key: OAuthTokenEntry_QdATaU3Pg2_6mmgZ1McwCdrrrZruL_-25vl16riyeYc1, expiry date 2012/08/15 09:20:14

QTAgent32.exe Information: 0 : 15/08/2012 06:20:14: CacheProvider initialised with memory cache engine

QTAgent32.exe Information: 0 : 15/08/2012 06:20:14: Adding data to cache with cache key: OAuthTokenEntry_BiP6EXwNF2QQYnWW4da0giHh1XC9k672gipQ09bN-n81, expiry date 2012/08/15 09:20:14

User who owes debt = 24282a41-6ee9-4796-a424-0f3f5bdeef7f
User who is owed the debt = 211b6903-30d7-4f87-9f5e-15cc83dd0cbc
QTAgent32.exe Information: 0 : 15/08/2012 06:20:14: Adding data to cache with cache key: UserPaymentPlan_211b6903-30d7-4f87-9f5e-15cc83dd0cbc, expiry date 2012/08/15 07:20:14

QTAgent32.exe Information: 0 : 15/08/2012 06:20:14: Adding item [UserPaymentPlan_211b6903-30d7-4f87-9f5e-15cc83dd0cbc] to cache with expiry date/time of [15/08/2012 07:20:14].

QTAgent32.exe Information: 0 : 15/08/2012 06:20:14: Adding data to cache with cache key: UserPaymentPlan_24282a41-6ee9-4796-a424-0f3f5bdeef7f, expiry date 2012/08/15 07:20:14

QTAgent32.exe Information: 0 : 15/08/2012 06:20:14: Adding item [UserPaymentPlan_24282a41-6ee9-4796-a424-0f3f5bdeef7f] to cache with expiry date/time of [15/08/2012 07:20:14].

</DebugTrace>
      </Output>
    </UnitTestResult>
    <UnitTestResult executionId="5ace282b-41df-4671-afac-d730bfcaf7a0" testId="50da6079-fcc9-3c27-2ff7-23ec27920291" testName="EnsureValidUserCannotDeleteDebtNotBelongingToThem" computerName="GLAVTOP" duration="00:00:00.1398585" startTime="2012-08-15T18:20:14.9172875+10:00" endTime="2012-08-15T18:20:15.0735401+10:00" testType="13cdc9d9-ddb5-4fa4-a97d-d965ccfc6d4b" outcome="Passed" testListId="8c84fa94-04c1-424b-9868-57a2d4851a1d" relativeResultsDirectory="5ace282b-41df-4671-afac-d730bfcaf7a0">
      <Output>
        <DebugTrace>QTAgent32.exe Information: 0 : 15/08/2012 06:20:14: CacheProvider initialised with memory cache engine

QTAgent32.exe Information: 0 : 15/08/2012 06:20:14: CacheProvider initialised with memory cache engine

QTAgent32.exe Information: 0 : 15/08/2012 06:20:14: Adding data to cache with cache key: OAuthTokenEntry_mZdiGtrvqSzGqG560TfMBIOSOwLtqkJ6AXzmTS1Wf041, expiry date 2012/08/15 09:20:14

QTAgent32.exe Information: 0 : 15/08/2012 06:20:14: Adding data to cache with cache key: UserPaymentPlan_6d1793c1-4935-4dd2-a723-6749a7f17597, expiry date 2012/08/15 07:20:14

QTAgent32.exe Information: 0 : 15/08/2012 06:20:14: Adding item [UserPaymentPlan_6d1793c1-4935-4dd2-a723-6749a7f17597] to cache with expiry date/time of [15/08/2012 07:20:14].

QTAgent32.exe Information: 0 : 15/08/2012 06:20:14: CacheProvider initialised with memory cache engine

QTAgent32.exe Information: 0 : 15/08/2012 06:20:14: Adding data to cache with cache key: OAuthTokenEntry_pgG_ozrmDITsyWUO8m6Yh91-ZaCKbdS8LjIzMW6lPes1, expiry date 2012/08/15 09:20:14

QTAgent32.exe Information: 0 : 15/08/2012 06:20:15: CacheProvider initialised with memory cache engine

QTAgent32.exe Information: 0 : 15/08/2012 06:20:15: Adding data to cache with cache key: OAuthTokenEntry_eVlmd5rzgKVCQICszzNBBrGctLij7hA4a0ZiGNQbsE01, expiry date 2012/08/15 09:20:15

QTAgent32.exe Information: 0 : 15/08/2012 06:20:15: Retrieving item [UserPaymentPlan_6d1793c1-4935-4dd2-a723-6749a7f17597] from cache.

QTAgent32.exe Information: 0 : 15/08/2012 06:20:15: Adding data to cache with cache key: UserPaymentPlan_6d1793c1-4935-4dd2-a723-6749a7f17597, expiry date 2012/08/15 07:20:15

QTAgent32.exe Information: 0 : 15/08/2012 06:20:15: Adding item [UserPaymentPlan_6d1793c1-4935-4dd2-a723-6749a7f17597] to cache with expiry date/time of [15/08/2012 07:20:15].

QTAgent32.exe Information: 0 : 15/08/2012 06:20:15: Adding data to cache with cache key: UserPaymentPlan_6d1793c1-4935-4dd2-a723-6749a7f17597, expiry date 2012/08/15 07:20:15

QTAgent32.exe Information: 0 : 15/08/2012 06:20:15: Adding item [UserPaymentPlan_6d1793c1-4935-4dd2-a723-6749a7f17597] to cache with expiry date/time of [15/08/2012 07:20:15].

QTAgent32.exe Information: 0 : 15/08/2012 06:20:15: Adding data to cache with cache key: UserPaymentPlan_792d73fb-ab7d-4a9f-ae58-9055292d1053, expiry date 2012/08/15 07:20:15

QTAgent32.exe Information: 0 : 15/08/2012 06:20:15: Adding item [UserPaymentPlan_792d73fb-ab7d-4a9f-ae58-9055292d1053] to cache with expiry date/time of [15/08/2012 07:20:15].

</DebugTrace>
      </Output>
    </UnitTestResult>
    <UnitTestResult executionId="fdc1e1dc-c28a-4093-9f01-3bebe54095ba" testId="92773650-8826-3e75-eae2-0e28a1cca5ae" testName="EnsureValidUserCanDeleteDebtBelongingToThem" computerName="GLAVTOP" duration="00:00:00.2051307" startTime="2012-08-15T18:20:15.0735401+10:00" endTime="2012-08-15T18:20:15.2766736+10:00" testType="13cdc9d9-ddb5-4fa4-a97d-d965ccfc6d4b" outcome="Passed" testListId="8c84fa94-04c1-424b-9868-57a2d4851a1d" relativeResultsDirectory="fdc1e1dc-c28a-4093-9f01-3bebe54095ba">
      <Output>
        <DebugTrace>QTAgent32.exe Information: 0 : 15/08/2012 06:20:15: CacheProvider initialised with memory cache engine

QTAgent32.exe Information: 0 : 15/08/2012 06:20:15: CacheProvider initialised with memory cache engine

QTAgent32.exe Information: 0 : 15/08/2012 06:20:15: Adding data to cache with cache key: OAuthTokenEntry_BZ1hfJz1CEKKl0U5li8FhUTqA9GdnNNdEw9_pa5P-M41, expiry date 2012/08/15 09:20:15

QTAgent32.exe Information: 0 : 15/08/2012 06:20:15: Adding data to cache with cache key: UserPaymentPlan_9b5b1299-4f34-4b99-9f45-3ef5508e04fc, expiry date 2012/08/15 07:20:15

QTAgent32.exe Information: 0 : 15/08/2012 06:20:15: Adding item [UserPaymentPlan_9b5b1299-4f34-4b99-9f45-3ef5508e04fc] to cache with expiry date/time of [15/08/2012 07:20:15].

QTAgent32.exe Information: 0 : 15/08/2012 06:20:15: CacheProvider initialised with memory cache engine

QTAgent32.exe Information: 0 : 15/08/2012 06:20:15: Adding data to cache with cache key: OAuthTokenEntry_9d-7krtk93y0txnlP1Y-WiB5U43kAR68VzhGhw7XZ_o1, expiry date 2012/08/15 09:20:15

QTAgent32.exe Information: 0 : 15/08/2012 06:20:15: Retrieving item [UserPaymentPlan_9b5b1299-4f34-4b99-9f45-3ef5508e04fc] from cache.

QTAgent32.exe Information: 0 : 15/08/2012 06:20:15: Adding data to cache with cache key: UserPaymentPlan_9b5b1299-4f34-4b99-9f45-3ef5508e04fc, expiry date 2012/08/15 07:20:15

QTAgent32.exe Information: 0 : 15/08/2012 06:20:15: Adding item [UserPaymentPlan_9b5b1299-4f34-4b99-9f45-3ef5508e04fc] to cache with expiry date/time of [15/08/2012 07:20:15].

QTAgent32.exe Information: 0 : 15/08/2012 06:20:15: Adding data to cache with cache key: UserPaymentPlan_9b5b1299-4f34-4b99-9f45-3ef5508e04fc, expiry date 2012/08/15 07:20:15

QTAgent32.exe Information: 0 : 15/08/2012 06:20:15: Adding item [UserPaymentPlan_9b5b1299-4f34-4b99-9f45-3ef5508e04fc] to cache with expiry date/time of [15/08/2012 07:20:15].

QTAgent32.exe Information: 0 : 15/08/2012 06:20:15: Retrieving item [UserPaymentPlan_9b5b1299-4f34-4b99-9f45-3ef5508e04fc] from cache.

QTAgent32.exe Information: 0 : 15/08/2012 06:20:15: Adding data to cache with cache key: UserPaymentPlan_9b5b1299-4f34-4b99-9f45-3ef5508e04fc, expiry date 2012/08/15 07:20:15

QTAgent32.exe Information: 0 : 15/08/2012 06:20:15: Adding item [UserPaymentPlan_9b5b1299-4f34-4b99-9f45-3ef5508e04fc] to cache with expiry date/time of [15/08/2012 07:20:15].

QTAgent32.exe Information: 0 : 15/08/2012 06:20:15: Adding data to cache with cache key: UserPaymentPlan_9b5b1299-4f34-4b99-9f45-3ef5508e04fc, expiry date 2012/08/15 07:20:15

QTAgent32.exe Information: 0 : 15/08/2012 06:20:15: Adding item [UserPaymentPlan_9b5b1299-4f34-4b99-9f45-3ef5508e04fc] to cache with expiry date/time of [15/08/2012 07:20:15].

</DebugTrace>
      </Output>
    </UnitTestResult>
    <UnitTestResult executionId="c06e1f5d-5adb-423a-93a8-65b458a94957" testId="bd75bfee-d75a-afac-7b4e-f8eeab7139e2" testName="SHouldBeAbleToSignUpAndSignIn" computerName="GLAVTOP" duration="00:00:00.0357798" startTime="2012-08-15T18:20:15.2922985+10:00" endTime="2012-08-15T18:20:15.3235501+10:00" testType="13cdc9d9-ddb5-4fa4-a97d-d965ccfc6d4b" outcome="Passed" testListId="8c84fa94-04c1-424b-9868-57a2d4851a1d" relativeResultsDirectory="c06e1f5d-5adb-423a-93a8-65b458a94957">
      <Output>
        <DebugTrace>QTAgent32.exe Information: 0 : 15/08/2012 06:20:15: CacheProvider initialised with memory cache engine

QTAgent32.exe Information: 0 : 15/08/2012 06:20:15: Adding data to cache with cache key: OAuthTokenEntry_Hma0Xpz17wzOczGcBW1011OAjMt83ify57YbhssDv681, expiry date 2012/08/15 09:20:15

</DebugTrace>
      </Output>
    </UnitTestResult>
    <UnitTestResult executionId="38543b04-67aa-4cc7-9135-116170783c39" testId="17c7ec79-6552-46be-8f36-803c891feba8" testName="ShouldNotBeAbleToSignInWhenUserNotValidated" computerName="GLAVTOP" duration="00:00:00.0182302" startTime="2012-08-15T18:20:15.3391757+10:00" endTime="2012-08-15T18:20:15.3704303+10:00" testType="13cdc9d9-ddb5-4fa4-a97d-d965ccfc6d4b" outcome="Passed" testListId="8c84fa94-04c1-424b-9868-57a2d4851a1d" relativeResultsDirectory="38543b04-67aa-4cc7-9135-116170783c39">
      <Output>
        <DebugTrace>QTAgent32.exe Information: 0 : 15/08/2012 06:20:15: CacheProvider initialised with memory cache engine

</DebugTrace>
      </Output>
    </UnitTestResult>
    <UnitTestResult executionId="98253f8a-ef6b-4bf9-85b0-5396a97b4b3e" testId="84a45382-ae95-43a9-6b01-8fd21d3e8048" testName="ShouldNotBeAbleToSignInWithEmptyPasswordEvenIfValidated" computerName="GLAVTOP" duration="00:00:00.0311899" startTime="2012-08-15T18:20:15.3704303+10:00" endTime="2012-08-15T18:20:15.4173071+10:00" testType="13cdc9d9-ddb5-4fa4-a97d-d965ccfc6d4b" outcome="Passed" testListId="8c84fa94-04c1-424b-9868-57a2d4851a1d" relativeResultsDirectory="98253f8a-ef6b-4bf9-85b0-5396a97b4b3e">
      <Output>
        <DebugTrace>QTAgent32.exe Information: 0 : 15/08/2012 06:20:15: CacheProvider initialised with memory cache engine

</DebugTrace>
      </Output>
    </UnitTestResult>
    <UnitTestResult executionId="ec9701d0-33a4-47ab-85ba-9e90faccdf66" testId="85e231ee-64a4-7645-8905-c8a7a23597ed" testName="CannotSaveUserWithoutEmail" computerName="GLAVTOP" duration="00:00:00.0029592" startTime="2012-08-15T18:20:15.4173071+10:00" endTime="2012-08-15T18:20:15.4329324+10:00" testType="13cdc9d9-ddb5-4fa4-a97d-d965ccfc6d4b" outcome="Passed" testListId="8c84fa94-04c1-424b-9868-57a2d4851a1d" relativeResultsDirectory="ec9701d0-33a4-47ab-85ba-9e90faccdf66">
      <Output>
        <DebugTrace>QTAgent32.exe Information: 0 : 15/08/2012 06:20:15: CacheProvider initialised with memory cache engine

</DebugTrace>
      </Output>
    </UnitTestResult>
    <UnitTestResult executionId="d4d38305-66a3-48bf-b557-2ef38df628d4" testId="b808ccdc-95ed-da36-2492-84e3a0485a5e" testName="ShouldBeAbleToSaveUnvalidatedUserWithOnlyEmailAddress" computerName="GLAVTOP" duration="00:00:00.0096787" startTime="2012-08-15T18:20:15.4329324+10:00" endTime="2012-08-15T18:20:15.4485787+10:00" testType="13cdc9d9-ddb5-4fa4-a97d-d965ccfc6d4b" outcome="Passed" testListId="8c84fa94-04c1-424b-9868-57a2d4851a1d" relativeResultsDirectory="d4d38305-66a3-48bf-b557-2ef38df628d4">
      <Output>
        <DebugTrace>QTAgent32.exe Information: 0 : 15/08/2012 06:20:15: CacheProvider initialised with memory cache engine

</DebugTrace>
      </Output>
    </UnitTestResult>
    <UnitTestResult executionId="566d5763-f7c6-4ee7-b969-95d121b69b41" testId="e9188809-41f6-48b4-7b33-bb563fe9b401" testName="ShouldNotBeAbleToSaveNewUnvalidatedUserWithSameEmailAsExistingUser" computerName="GLAVTOP" duration="00:00:00.0154127" startTime="2012-08-15T18:20:15.4485787+10:00" endTime="2012-08-15T18:20:15.4641824+10:00" testType="13cdc9d9-ddb5-4fa4-a97d-d965ccfc6d4b" outcome="Passed" testListId="8c84fa94-04c1-424b-9868-57a2d4851a1d" relativeResultsDirectory="566d5763-f7c6-4ee7-b969-95d121b69b41">
      <Output>
        <DebugTrace>QTAgent32.exe Information: 0 : 15/08/2012 06:20:15: CacheProvider initialised with memory cache engine

</DebugTrace>
      </Output>
    </UnitTestResult>
    <UnitTestResult executionId="7e4a6f93-fdf8-4490-83c5-8d99f5ff586b" testId="2aa22940-96fb-27df-7452-07b4b151f94a" testName="ShouldReturnAllUsers" computerName="GLAVTOP" duration="00:00:00.2632611" startTime="2012-08-15T18:20:15.4798061+10:00" endTime="2012-08-15T18:20:15.7454448+10:00" testType="13cdc9d9-ddb5-4fa4-a97d-d965ccfc6d4b" outcome="Passed" testListId="8c84fa94-04c1-424b-9868-57a2d4851a1d" relativeResultsDirectory="7e4a6f93-fdf8-4490-83c5-8d99f5ff586b">
      <Output>
        <DebugTrace>QTAgent32.exe Information: 0 : 15/08/2012 06:20:15: CacheProvider initialised with memory cache engine

</DebugTrace>
      </Output>
    </UnitTestResult>
    <UnitTestResult executionId="7cd5cab6-c986-494b-bc75-b1e86c5b7646" testId="e66999b4-76df-6f8e-320f-b513663fb5dd" testName="ShouldReturnOnlyUsersMatchingSearchByCriteria" computerName="GLAVTOP" duration="00:00:00.3124473" startTime="2012-08-15T18:20:15.7454448+10:00" endTime="2012-08-15T18:20:16.0579768+10:00" testType="13cdc9d9-ddb5-4fa4-a97d-d965ccfc6d4b" outcome="Passed" testListId="8c84fa94-04c1-424b-9868-57a2d4851a1d" relativeResultsDirectory="7cd5cab6-c986-494b-bc75-b1e86c5b7646">
      <Output>
        <DebugTrace>QTAgent32.exe Information: 0 : 15/08/2012 06:20:15: CacheProvider initialised with memory cache engine

</DebugTrace>
      </Output>
    </UnitTestResult>
    <UnitTestResult executionId="5fb1c829-1e61-4f84-a238-9b8b42397fe7" testId="8710e914-fbad-7734-a8f3-b91a572260e9" testName="ShouldReturnOnlyUsersMatchingSearchByCriteriaUsingPaging" computerName="GLAVTOP" duration="00:00:00.3195510" startTime="2012-08-15T18:20:16.0735782+10:00" endTime="2012-08-15T18:20:16.3861164+10:00" testType="13cdc9d9-ddb5-4fa4-a97d-d965ccfc6d4b" outcome="Passed" testListId="8c84fa94-04c1-424b-9868-57a2d4851a1d" relativeResultsDirectory="5fb1c829-1e61-4f84-a238-9b8b42397fe7">
      <Output>
        <DebugTrace>QTAgent32.exe Information: 0 : 15/08/2012 06:20:16: CacheProvider initialised with memory cache engine

</DebugTrace>
      </Output>
    </UnitTestResult>
  </Results>
</TestRun>